Archive member included to satisfy reference by file (symbol)

C:/ST/STM32CubeIDE_1.19.0/STM32CubeIDE/plugins/com.st.stm32cube.ide.mcu.externaltools.gnu-tools-for-stm32.13.3.rel1.win32_1.0.100.202509120712/tools/bin/../lib/gcc/arm-none-eabi/13.3.1/../../../../arm-none-eabi/lib/thumb/v7e-m+fp/hard\libc_nano.a(libc_a-exit.o)
                              C:/ST/STM32CubeIDE_1.19.0/STM32CubeIDE/plugins/com.st.stm32cube.ide.mcu.externaltools.gnu-tools-for-stm32.13.3.rel1.win32_1.0.100.202509120712/tools/bin/../lib/gcc/arm-none-eabi/13.3.1/../../../../arm-none-eabi/lib/thumb/v7e-m+fp/hard/crt0.o (exit)
C:/ST/STM32CubeIDE_1.19.0/STM32CubeIDE/plugins/com.st.stm32cube.ide.mcu.externaltools.gnu-tools-for-stm32.13.3.rel1.win32_1.0.100.202509120712/tools/bin/../lib/gcc/arm-none-eabi/13.3.1/../../../../arm-none-eabi/lib/thumb/v7e-m+fp/hard\libc_nano.a(libc_a-findfp.o)
                              C:/ST/STM32CubeIDE_1.19.0/STM32CubeIDE/plugins/com.st.stm32cube.ide.mcu.externaltools.gnu-tools-for-stm32.13.3.rel1.win32_1.0.100.202509120712/tools/bin/../lib/gcc/arm-none-eabi/13.3.1/../../../../arm-none-eabi/lib/thumb/v7e-m+fp/hard\libc_nano.a(libc_a-exit.o) (__stdio_exit_handler)
C:/ST/STM32CubeIDE_1.19.0/STM32CubeIDE/plugins/com.st.stm32cube.ide.mcu.externaltools.gnu-tools-for-stm32.13.3.rel1.win32_1.0.100.202509120712/tools/bin/../lib/gcc/arm-none-eabi/13.3.1/../../../../arm-none-eabi/lib/thumb/v7e-m+fp/hard\libc_nano.a(libc_a-fwalk.o)
                              C:/ST/STM32CubeIDE_1.19.0/STM32CubeIDE/plugins/com.st.stm32cube.ide.mcu.externaltools.gnu-tools-for-stm32.13.3.rel1.win32_1.0.100.202509120712/tools/bin/../lib/gcc/arm-none-eabi/13.3.1/../../../../arm-none-eabi/lib/thumb/v7e-m+fp/hard\libc_nano.a(libc_a-findfp.o) (_fwalk_sglue)
C:/ST/STM32CubeIDE_1.19.0/STM32CubeIDE/plugins/com.st.stm32cube.ide.mcu.externaltools.gnu-tools-for-stm32.13.3.rel1.win32_1.0.100.202509120712/tools/bin/../lib/gcc/arm-none-eabi/13.3.1/../../../../arm-none-eabi/lib/thumb/v7e-m+fp/hard\libc_nano.a(libc_a-stdio.o)
                              C:/ST/STM32CubeIDE_1.19.0/STM32CubeIDE/plugins/com.st.stm32cube.ide.mcu.externaltools.gnu-tools-for-stm32.13.3.rel1.win32_1.0.100.202509120712/tools/bin/../lib/gcc/arm-none-eabi/13.3.1/../../../../arm-none-eabi/lib/thumb/v7e-m+fp/hard\libc_nano.a(libc_a-findfp.o) (__sread)
C:/ST/STM32CubeIDE_1.19.0/STM32CubeIDE/plugins/com.st.stm32cube.ide.mcu.externaltools.gnu-tools-for-stm32.13.3.rel1.win32_1.0.100.202509120712/tools/bin/../lib/gcc/arm-none-eabi/13.3.1/../../../../arm-none-eabi/lib/thumb/v7e-m+fp/hard\libc_nano.a(libc_a-memset.o)
                              C:/ST/STM32CubeIDE_1.19.0/STM32CubeIDE/plugins/com.st.stm32cube.ide.mcu.externaltools.gnu-tools-for-stm32.13.3.rel1.win32_1.0.100.202509120712/tools/bin/../lib/gcc/arm-none-eabi/13.3.1/../../../../arm-none-eabi/lib/thumb/v7e-m+fp/hard/crt0.o (memset)
C:/ST/STM32CubeIDE_1.19.0/STM32CubeIDE/plugins/com.st.stm32cube.ide.mcu.externaltools.gnu-tools-for-stm32.13.3.rel1.win32_1.0.100.202509120712/tools/bin/../lib/gcc/arm-none-eabi/13.3.1/../../../../arm-none-eabi/lib/thumb/v7e-m+fp/hard\libc_nano.a(libc_a-closer.o)
                              C:/ST/STM32CubeIDE_1.19.0/STM32CubeIDE/plugins/com.st.stm32cube.ide.mcu.externaltools.gnu-tools-for-stm32.13.3.rel1.win32_1.0.100.202509120712/tools/bin/../lib/gcc/arm-none-eabi/13.3.1/../../../../arm-none-eabi/lib/thumb/v7e-m+fp/hard\libc_nano.a(libc_a-stdio.o) (_close_r)
C:/ST/STM32CubeIDE_1.19.0/STM32CubeIDE/plugins/com.st.stm32cube.ide.mcu.externaltools.gnu-tools-for-stm32.13.3.rel1.win32_1.0.100.202509120712/tools/bin/../lib/gcc/arm-none-eabi/13.3.1/../../../../arm-none-eabi/lib/thumb/v7e-m+fp/hard\libc_nano.a(libc_a-reent.o)
                              C:/ST/STM32CubeIDE_1.19.0/STM32CubeIDE/plugins/com.st.stm32cube.ide.mcu.externaltools.gnu-tools-for-stm32.13.3.rel1.win32_1.0.100.202509120712/tools/bin/../lib/gcc/arm-none-eabi/13.3.1/../../../../arm-none-eabi/lib/thumb/v7e-m+fp/hard\libc_nano.a(libc_a-closer.o) (errno)
C:/ST/STM32CubeIDE_1.19.0/STM32CubeIDE/plugins/com.st.stm32cube.ide.mcu.externaltools.gnu-tools-for-stm32.13.3.rel1.win32_1.0.100.202509120712/tools/bin/../lib/gcc/arm-none-eabi/13.3.1/../../../../arm-none-eabi/lib/thumb/v7e-m+fp/hard\libc_nano.a(libc_a-impure.o)
                              C:/ST/STM32CubeIDE_1.19.0/STM32CubeIDE/plugins/com.st.stm32cube.ide.mcu.externaltools.gnu-tools-for-stm32.13.3.rel1.win32_1.0.100.202509120712/tools/bin/../lib/gcc/arm-none-eabi/13.3.1/../../../../arm-none-eabi/lib/thumb/v7e-m+fp/hard\libc_nano.a(libc_a-reent.o) (_impure_ptr)
C:/ST/STM32CubeIDE_1.19.0/STM32CubeIDE/plugins/com.st.stm32cube.ide.mcu.externaltools.gnu-tools-for-stm32.13.3.rel1.win32_1.0.100.202509120712/tools/bin/../lib/gcc/arm-none-eabi/13.3.1/../../../../arm-none-eabi/lib/thumb/v7e-m+fp/hard\libc_nano.a(libc_a-lseekr.o)
[...]
Memory Configuration

Name             Origin             Length             Attributes
CCMRAM           0x10000000         0x00010000         xrw
RAM              0x20000000         0x00020000         xrw
FLASH            0x08000000         0x00100000         xr
*default*        0x00000000         0xffffffff

Linker script and memory map

LOAD C:/ST/STM32CubeIDE_1.19.0/STM32CubeIDE/plugins/com.st.stm32cube.ide.mcu.externaltools.gnu-tools-for-stm32.13.3.rel1.win32_1.0.100.202509120712/tools/bin/../lib/gcc/arm-none-eabi/13.3.1/thumb/v7e-m+fp/hard/crti.o
LOAD C:/ST/STM32CubeIDE_1.19.0/STM32CubeIDE/plugins/com.st.stm32cube.ide.mcu.externaltools.gnu-tools-for-stm32.13.3.rel1.win32_1.0.100.202509120712/tools/bin/../lib/gcc/arm-none-eabi/13.3.1/thumb/v7e-m+fp/hard/crtbegin.o
LOAD C:/ST/STM32CubeIDE_1.19.0/STM32CubeIDE/plugins/com.st.stm32cube.ide.mcu.externaltools.gnu-tools-for-stm32.13.3.rel1.win32_1.0.100.202509120712/tools/bin/../lib/gcc/arm-none-eabi/13.3.1/../../../../arm-none-eabi/lib/thumb/v7e-m+fp/hard/crt0.o
LOAD ./Core/Src/gpio.o
LOAD ./Core/Src/main.o
LOAD ./Core/Src/stm32f4xx_hal_msp.o
LOAD ./Core/Src/stm32f4xx_it.o
LOAD ./Core/Src/syscalls.o
LOAD ./Core/Src/sysmem.o
LOAD ./Core/Src/system_stm32f4xx.o
LOAD ./Core/Startup/startup_stm32f407vgtx.o
LOAD ./Drivers/STM32F4xx_HAL_Driver/Src/stm32f4xx_hal.o
LOAD ./Drivers/STM32F4xx_HAL_Driver/Src/stm32f4xx_hal_cortex.o
LOAD ./Drivers/STM32F4xx_HAL_Driver/Src/stm32f4xx_hal_dma.o
LOAD ./Drivers/STM32F4xx_HAL_Driver/Src/stm32f4xx_hal_dma_ex.o
LOAD ./Drivers/STM32F4xx_HAL_Driver/Src/stm32f4xx_hal_exti.o
LOAD ./Drivers/STM32F4xx_HAL_Driver/Src/stm32f4xx_hal_flash.o
LOAD ./Drivers/STM32F4xx_HAL_Driver/Src/stm32f4xx_hal_flash_ex.o
LOAD ./Drivers/STM32F4xx_HAL_Driver/Src/stm32f4xx_hal_flash_ramfunc.o
LOAD ./Drivers/STM32F4xx_HAL_Driver/Src/stm32f4xx_hal_gpio.o
LOAD ./Drivers/STM32F4xx_HAL_Driver/Src/stm32f4xx_hal_pcd.o
LOAD ./Drivers/STM32F4xx_HAL_Driver/Src/stm32f4xx_hal_pcd_ex.o
LOAD ./Drivers/STM32F4xx_HAL_Driver/Src/stm32f4xx_hal_pwr.o
LOAD ./Drivers/STM32F4xx_HAL_Driver/Src/stm32f4xx_hal_pwr_ex.o
LOAD ./Drivers/STM32F4xx_HAL_Driver/Src/stm32f4xx_hal_rcc.o
LOAD ./Drivers/STM32F4xx_HAL_Driver/Src/stm32f4xx_hal_rcc_ex.o
LOAD ./Drivers/STM32F4xx_HAL_Driver/Src/stm32f4xx_ll_usb.o
LOAD ./Middlewares/ST/STM32_USB_Device_Library/Class/HID/Src/usbd_hid.o
LOAD ./Middlewares/ST/STM32_USB_Device_Library/Core/Src/usbd_core.o
LOAD ./Middlewares/ST/STM32_USB_Device_Library/Core/Src/usbd_ctlreq.o
LOAD ./Middlewares/ST/STM32_USB_Device_Library/Core/Src/usbd_ioreq.o
LOAD ./USB_DEVICE/App/usb_device.o
LOAD ./USB_DEVICE/App/usbd_desc.o
LOAD ./USB_DEVICE/Target/usbd_conf.o
START GROUP
LOAD C:/ST/STM32CubeIDE_1.19.0/STM32CubeIDE/plugins/com.st.stm32cube.ide.mcu.externaltools.gnu-tools-for-stm32.13.3.rel1.win32_1.0.100.202509120712/tools/bin/../lib/gcc/arm-none-eabi/13.3.1/../../../../arm-none-eabi/lib/thumb/v7e-m+fp/hard\libc_nano.a
LOAD C:/ST/STM32CubeIDE_1.19.0/STM32CubeIDE/plugins/com.st.stm32cube.ide.mcu.externaltools.gnu-tools-for-stm32.13.3.rel1.win32_1.0.100.202509120712/tools/bin/../lib/gcc/arm-none-eabi/13.3.1/../../../../arm-none-eabi/lib/thumb/v7e-m+fp/hard\libm.a
END GROUP
START GROUP
LOAD C:/ST/STM32CubeIDE_1.19.0/STM32CubeIDE/plugins/com.st.stm32cube.ide.mcu.externaltools.gnu-tools-for-stm32.13.3.rel1.win32_1.0.100.202509120712/tools/bin/../lib/gcc/arm-none-eabi/13.3.1/thumb/v7e-m+fp/hard\libgcc.a
LOAD C:/ST/STM32CubeIDE_1.19.0/STM32CubeIDE/plugins/com.st.stm32cube.ide.mcu.externaltools.gnu-tools-for-stm32.13.3.rel1.win32_1.0.100.202509120712/tools/bin/../lib/gcc/arm-none-eabi/13.3.1/../../../../arm-none-eabi/lib/thumb/v7e-m+fp/hard\libc_nano.a
END GROUP
START GROUP
LOAD C:/ST/STM32CubeIDE_1.19.0/STM32CubeIDE/plugins/com.st.stm32cube.ide.mcu.externaltools.gnu-tools-for-stm32.13.3.rel1.win32_1.0.100.202509120712/tools/bin/../lib/gcc/arm-none-eabi/13.3.1/thumb/v7e-m+fp/hard\libgcc.a
LOAD C:/ST/STM32CubeIDE_1.19.0/STM32CubeIDE/plugins/com.st.stm32cube.ide.mcu.externaltools.gnu-tools-for-stm32.13.3.rel1.win32_1.0.100.202509120712/tools/bin/../lib/gcc/arm-none-eabi/13.3.1/../../../../arm-none-eabi/lib/thumb/v7e-m+fp/hard\libc_nano.a
LOAD C:/ST/STM32CubeIDE_1.19.0/STM32CubeIDE/plugins/com.st.stm32cube.ide.mcu.externaltools.gnu-tools-for-stm32.13.3.rel1.win32_1.0.100.202509120712/tools/bin/../lib/gcc/arm-none-eabi/13.3.1/../../../../arm-none-eabi/lib/thumb/v7e-m+fp/hard\libnosys.a
END GROUP
START GROUP
LOAD C:/ST/STM32CubeIDE_1.19.0/STM32CubeIDE/plugins/com.st.stm32cube.ide.mcu.externaltools.gnu-tools-for-stm32.13.3.rel1.win32_1.0.100.202509120712/tools/bin/../lib/gcc/arm-none-eabi/13.3.1/thumb/v7e-m+fp/hard\libgcc.a
LOAD C:/ST/STM32CubeIDE_1.19.0/STM32CubeIDE/plugins/com.st.stm32cube.ide.mcu.externaltools.gnu-tools-for-stm32.13.3.rel1.win32_1.0.100.202509120712/tools/bin/../lib/gcc/arm-none-eabi/13.3.1/../../../../arm-none-eabi/lib/thumb/v7e-m+fp/hard\libc_nano.a
LOAD C:/ST/STM32CubeIDE_1.19.0/STM32CubeIDE/plugins/com.st.stm32cube.ide.mcu.externaltools.gnu-tools-for-stm32.13.3.rel1.win32_1.0.100.202509120712/tools/bin/../lib/gcc/arm-none-eabi/13.3.1/../../../../arm-none-eabi/lib/thumb/v7e-m+fp/hard\libnosys.a
END GROUP
LOAD C:/ST/STM32CubeIDE_1.19.0/STM32CubeIDE/plugins/com.st.stm32cube.ide.mcu.externaltools.gnu-tools-for-stm32.13.3.rel1.win32_1.0.100.202509120712/tools/bin/../lib/gcc/arm-none-eabi/13.3.1/thumb/v7e-m+fp/hard/crtend.o
LOAD C:/ST/STM32CubeIDE_1.19.0/STM32CubeIDE/plugins/com.st.stm32cube.ide.mcu.externaltools.gnu-tools-for-stm32.13.3.rel1.win32_1.0.100.202509120712/tools/bin/../lib/gcc/arm-none-eabi/13.3.1/thumb/v7e-m+fp/hard/crtn.o
                0x20020000                        _estack = (ORIGIN (RAM) + LENGTH (RAM))
                0x00000200                        _Min_Heap_Size = 0x200
                0x00000400                        _Min_Stack_Size = 0x400

.isr_vector     0x08000000      0x188
                0x08000000                        . = ALIGN (0x4)
 *(.isr_vector)
 .isr_vector    0x08000000      0x188 ./Core/Startup/startup_stm32f407vgtx.o
                0x08000000                g_pfnVectors
                0x08000188                        . = ALIGN (0x4)

.text           0x08000188     0x6690
                0x08000188                        . = ALIGN (0x4)
 *(.text)
 .text          0x08000188       0x40 C:/ST/STM32CubeIDE_1.19.0/STM32CubeIDE/plugins/com.st.stm32cube.ide.mcu.externaltools.gnu-tools-for-stm32.13.3.rel1.win32_1.0.100.202509120712/tools/bin/../lib/gcc/arm-none-eabi/13.3.1/thumb/v7e-m+fp/hard/crtbegin.o
 .text          0x080001c8       0x30 C:/ST/STM32CubeIDE_1.19.0/STM32CubeIDE/plugins/com.st.stm32cube.ide.mcu.externaltools.gnu-tools-for-stm32.13.3.rel1.win32_1.0.100.202509120712/tools/bin/../lib/gcc/arm-none-eabi/13.3.1/thumb/v7e-m+fp/hard\libgcc.a(_aeabi_uldivmod.o)
                0x080001c8                __aeabi_uldivmod
 .text          0x080001f8      0x2f8 C:/ST/STM32CubeIDE_1.19.0/STM32CubeIDE/plugins/com.st.stm32cube.ide.mcu.externaltools.gnu-tools-for-stm32.13.3.rel1.win32_1.0.100.202509120712/tools/bin/../lib/gcc/arm-none-eabi/13.3.1/thumb/v7e-m+fp/hard\libgcc.a(_udivmoddi4.o)
                0x080001f8                __udivmoddi4
 .text          0x080004f0        0x4 C:/ST/STM32CubeIDE_1.19.0/STM32CubeIDE/plugins/com.st.stm32cube.ide.mcu.externaltools.gnu-tools-for-stm32.13.3.rel1.win32_1.0.100.202509120712/tools/bin/../lib/gcc/arm-none-eabi/13.3.1/thumb/v7e-m+fp/hard\libgcc.a(_dvmd_tls.o)
                0x080004f0                __aeabi_idiv0
                0x080004f0                __aeabi_ldiv0
 *(.text*)
 .text.MX_GPIO_Init
                0x080004f4      0x1a4 ./Core/Src/gpio.o
                0x080004f4                MX_GPIO_Init
 .text.main     0x08000698       0x5c ./Core/Src/main.o
                0x08000698                main
 .text.SystemClock_Config
                0x080006f4       0xd4 ./Core/Src/main.o
                0x080006f4                SystemClock_Config
 .text.ButtonHandling_Task
                0x080007c8       0x34 ./Core/Src/main.o
                0x080007c8                ButtonHandling_Task
 .text.JoystickHandling_Task
                0x080007fc       0x34 ./Core/Src/main.o
                0x080007fc                JoystickHandling_Task
 .text.Error_Handler
                0x08000830        0xc ./Core/Src/main.o
                0x08000830                Error_Handler
 .text.HAL_MspInit
                0x0800083c       0x50 ./Core/Src/stm32f4xx_hal_msp.o
                0x0800083c                HAL_MspInit
 .text.NMI_Handler
                0x0800088c        0x8 ./Core/Src/stm32f4xx_it.o
                0x0800088c                NMI_Handler
 .text.HardFault_Handler
                0x08000894        0x8 ./Core/Src/stm32f4xx_it.o
                0x08000894                HardFault_Handler
 .text.MemManage_Handler
                0x0800089c        0x8 ./Core/Src/stm32f4xx_it.o
                0x0800089c                MemManage_Handler
 .text.BusFault_Handler
                0x080008a4        0x8 ./Core/Src/stm32f4xx_it.o
                0x080008a4                BusFault_Handler
 .text.UsageFault_Handler
                0x080008ac        0x8 ./Core/Src/stm32f4xx_it.o
                0x080008ac                UsageFault_Handler
 .text.SVC_Handler
                0x080008b4        0xe ./Core/Src/stm32f4xx_it.o
                0x080008b4                SVC_Handler
 .text.DebugMon_Handler
                0x080008c2        0xe ./Core/Src/stm32f4xx_it.o
                0x080008c2                DebugMon_Handler
 .text.PendSV_Handler
                0x080008d0        0xe ./Core/Src/stm32f4xx_it.o
                0x080008d0                PendSV_Handler
 .text.SysTick_Handler
                0x080008de        0xc ./Core/Src/stm32f4xx_it.o
                0x080008de                SysTick_Handler
 *fill*         0x080008ea        0x2 
 .text.OTG_FS_IRQHandler
                0x080008ec       0x14 ./Core/Src/stm32f4xx_it.o
                0x080008ec                OTG_FS_IRQHandler
 .text.SystemInit
                0x08000900       0x24 ./Core/Src/system_stm32f4xx.o
                0x08000900                SystemInit
 .text.Reset_Handler
                0x08000924       0x50 ./Core/Startup/startup_stm32f407vgtx.o
                0x08000924                Reset_Handler
 .text.Default_Handler
                0x08000974        0x2 ./Core/Startup/startup_stm32f407vgtx.o
                0x08000974                RTC_Alarm_IRQHandler
                0x08000974                HASH_RNG_IRQHandler
                0x08000974                EXTI2_IRQHandler
                0x08000974                TIM8_CC_IRQHandler
                0x08000974                TIM1_CC_IRQHandler
                0x08000974                DMA2_Stream5_IRQHandler
                0x08000974                DMA1_Stream5_IRQHandler
                0x08000974                PVD_IRQHandler
                0x08000974                SDIO_IRQHandler
                0x08000974                TAMP_STAMP_IRQHandler
                0x08000974                CAN2_RX1_IRQHandler
                0x08000974                EXTI3_IRQHandler
                0x08000974                TIM8_TRG_COM_TIM14_IRQHandler
                0x08000974                TIM1_UP_TIM10_IRQHandler
                0x08000974                TIM8_UP_TIM13_IRQHandler
                0x08000974                I2C3_ER_IRQHandler
                0x08000974                EXTI0_IRQHandler
                0x08000974                I2C2_EV_IRQHandler
                0x08000974                DMA1_Stream2_IRQHandler
                0x08000974                CAN1_RX0_IRQHandler
                0x08000974                FPU_IRQHandler
                0x08000974                OTG_HS_WKUP_IRQHandler
                0x08000974                CAN2_SCE_IRQHandler
                0x08000974                DMA2_Stream2_IRQHandler
                0x08000974                SPI1_IRQHandler
                0x08000974                TIM6_DAC_IRQHandler
                0x08000974                TIM1_BRK_TIM9_IRQHandler
                0x08000974                DCMI_IRQHandler
                0x08000974                CAN2_RX0_IRQHandler
                0x08000974                DMA2_Stream3_IRQHandler
                0x08000974                USART6_IRQHandler
                0x08000974                USART3_IRQHandler
                0x08000974                CAN1_RX1_IRQHandler
                0x08000974                UART5_IRQHandler
                0x08000974                DMA2_Stream0_IRQHandler
                0x08000974                TIM4_IRQHandler
                0x08000974                I2C1_EV_IRQHandler
                0x08000974                DMA1_Stream6_IRQHandler
                0x08000974                DMA1_Stream1_IRQHandler
                0x08000974                UART4_IRQHandler
                0x08000974                TIM3_IRQHandler
                0x08000974                RCC_IRQHandler
                0x08000974                TIM8_BRK_TIM12_IRQHandler
                0x08000974                Default_Handler
                0x08000974                EXTI15_10_IRQHandler
                0x08000974                ADC_IRQHandler
                0x08000974                DMA1_Stream7_IRQHandler
                0x08000974                TIM7_IRQHandler
                0x08000974                CAN2_TX_IRQHandler
                0x08000974                TIM5_IRQHandler
                0x08000974                DMA2_Stream7_IRQHandler
                0x08000974                I2C3_EV_IRQHandler
                0x08000974                EXTI9_5_IRQHandler
                0x08000974                RTC_WKUP_IRQHandler
                0x08000974                ETH_WKUP_IRQHandler
                0x08000974                SPI2_IRQHandler
                0x08000974                OTG_HS_EP1_IN_IRQHandler
                0x08000974                DMA1_Stream0_IRQHandler
                0x08000974                CAN1_TX_IRQHandler
                0x08000974                EXTI4_IRQHandler
                0x08000974                FSMC_IRQHandler
                0x08000974                ETH_IRQHandler
                0x08000974                OTG_HS_EP1_OUT_IRQHandler
                0x08000974                WWDG_IRQHandler
                0x08000974                TIM2_IRQHandler
                0x08000974                OTG_FS_WKUP_IRQHandler
                0x08000974                TIM1_TRG_COM_TIM11_IRQHandler
                0x08000974                OTG_HS_IRQHandler
                0x08000974                EXTI1_IRQHandler
                0x08000974                USART2_IRQHandler
                0x08000974                I2C2_ER_IRQHandler
                0x08000974                DMA2_Stream1_IRQHandler
                0x08000974                CAN1_SCE_IRQHandler
                0x08000974                FLASH_IRQHandler
                0x08000974                DMA2_Stream4_IRQHandler
                0x08000974                USART1_IRQHandler
                0x08000974                SPI3_IRQHandler
                0x08000974                DMA1_Stream4_IRQHandler
                0x08000974                I2C1_ER_IRQHandler
                0x08000974                DMA2_Stream6_IRQHandler
                0x08000974                DMA1_Stream3_IRQHandler
 *fill*         0x08000976        0x2 
 .text.HAL_Init
                0x08000978       0x44 ./Drivers/STM32F4xx_HAL_Driver/Src/stm32f4xx_hal.o
                0x08000978                HAL_Init
 .text.HAL_InitTick
                0x080009bc       0x60 ./Drivers/STM32F4xx_HAL_Driver/Src/stm32f4xx_hal.o
                0x080009bc                HAL_InitTick
 .text.HAL_IncTick
                0x08000a1c       0x28 ./Drivers/STM32F4xx_HAL_Driver/Src/stm32f4xx_hal.o
                0x08000a1c                HAL_IncTick
 .text.HAL_GetTick
                0x08000a44       0x18 ./Drivers/STM32F4xx_HAL_Driver/Src/stm32f4xx_hal.o
                0x08000a44                HAL_GetTick
 .text.HAL_Delay
                0x08000a5c       0x48 ./Drivers/STM32F4xx_HAL_Driver/Src/stm32f4xx_hal.o
                0x08000a5c                HAL_Delay
 .text.__NVIC_SetPriorityGrouping
                0x08000aa4       0x48 ./Drivers/STM32F4xx_HAL_Driver/Src/stm32f4xx_hal_cortex.o
 .text.__NVIC_GetPriorityGrouping
                0x08000aec       0x1c ./Drivers/STM32F4xx_HAL_Driver/Src/stm32f4xx_hal_cortex.o
 .text.__NVIC_EnableIRQ
                0x08000b08       0x3c ./Drivers/STM32F4xx_HAL_Driver/Src/stm32f4xx_hal_cortex.o
 .text.__NVIC_SetPriority
                0x08000b44       0x54 ./Drivers/STM32F4xx_HAL_Driver/Src/stm32f4xx_hal_cortex.o
 .text.NVIC_EncodePriority
                0x08000b98       0x66 ./Drivers/STM32F4xx_HAL_Driver/Src/stm32f4xx_hal_cortex.o
 *fill*         0x08000bfe        0x2 
 .text.SysTick_Config
                0x08000c00       0x44 ./Drivers/STM32F4xx_HAL_Driver/Src/stm32f4xx_hal_cortex.o
 .text.HAL_NVIC_SetPriorityGrouping
                0x08000c44       0x16 ./Drivers/STM32F4xx_HAL_Driver/Src/stm32f4xx_hal_cortex.o
                0x08000c44                HAL_NVIC_SetPriorityGrouping
 .text.HAL_NVIC_SetPriority
                0x08000c5a       0x38 ./Drivers/STM32F4xx_HAL_Driver/Src/stm32f4xx_hal_cortex.o
                0x08000c5a                HAL_NVIC_SetPriority
 .text.HAL_NVIC_EnableIRQ
                0x08000c92       0x1c ./Drivers/STM32F4xx_HAL_Driver/Src/stm32f4xx_hal_cortex.o
                0x08000c92                HAL_NVIC_EnableIRQ
 .text.HAL_SYSTICK_Config
                0x08000cae       0x18 ./Drivers/STM32F4xx_HAL_Driver/Src/stm32f4xx_hal_cortex.o
                0x08000cae                HAL_SYSTICK_Config
 *fill*         0x08000cc6        0x2 
 .text.HAL_GPIO_Init
                0x08000cc8      0x338 ./Drivers/STM32F4xx_HAL_Driver/Src/stm32f4xx_hal_gpio.o
                0x08000cc8                HAL_GPIO_Init
 .text.HAL_GPIO_ReadPin
                0x08001000       0x30 ./Drivers/STM32F4xx_HAL_Driver/Src/stm32f4xx_hal_gpio.o
                0x08001000                HAL_GPIO_ReadPin
 .text.HAL_GPIO_WritePin
                0x08001030       0x32 ./Drivers/STM32F4xx_HAL_Driver/Src/stm32f4xx_hal_gpio.o
                0x08001030                HAL_GPIO_WritePin
 .text.HAL_GPIO_TogglePin
                0x08001062       0x34 ./Drivers/STM32F4xx_HAL_Driver/Src/stm32f4xx_hal_gpio.o
                0x08001062                HAL_GPIO_TogglePin
 .text.HAL_PCD_Init
                0x08001096      0x21e ./Drivers/STM32F4xx_HAL_Driver/Src/stm32f4xx_hal_pcd.o
                0x08001096                HAL_PCD_Init
 .text.HAL_PCD_Start
                0x080012b4       0x6a ./Drivers/STM32F4xx_HAL_Driver/Src/stm32f4xx_hal_pcd.o
                0x080012b4                HAL_PCD_Start
 .text.HAL_PCD_IRQHandler
                0x0800131e      0x942 ./Drivers/STM32F4xx_HAL_Driver/Src/stm32f4xx_hal_pcd.o
                0x0800131e                HAL_PCD_IRQHandler
 .text.HAL_PCD_SetAddress
                0x08001c60       0x48 ./Drivers/STM32F4xx_HAL_Driver/Src/stm32f4xx_hal_pcd.o
                0x08001c60                HAL_PCD_SetAddress
 .text.HAL_PCD_EP_Open
                0x08001ca8       0xd4 ./Drivers/STM32F4xx_HAL_Driver/Src/stm32f4xx_hal_pcd.o
                0x08001ca8                HAL_PCD_EP_Open
 .text.HAL_PCD_EP_Close
                0x08001d7c       0x94 ./Drivers/STM32F4xx_HAL_Driver/Src/stm32f4xx_hal_pcd.o
                0x08001d7c                HAL_PCD_EP_Close
 .text.HAL_PCD_EP_Receive
                0x08001e10       0x76 ./Drivers/STM32F4xx_HAL_Driver/Src/stm32f4xx_hal_pcd.o
                0x08001e10                HAL_PCD_EP_Receive
 .text.HAL_PCD_EP_Transmit
                0x08001e86       0x74 ./Drivers/STM32F4xx_HAL_Driver/Src/stm32f4xx_hal_pcd.o
                0x08001e86                HAL_PCD_EP_Transmit
 .text.HAL_PCD_EP_SetStall
                0x08001efa       0xc6 ./Drivers/STM32F4xx_HAL_Driver/Src/stm32f4xx_hal_pcd.o
                0x08001efa                HAL_PCD_EP_SetStall
 .text.HAL_PCD_EP_ClrStall
                0x08001fc0       0xac ./Drivers/STM32F4xx_HAL_Driver/Src/stm32f4xx_hal_pcd.o
                0x08001fc0                HAL_PCD_EP_ClrStall
 .text.HAL_PCD_EP_Abort
                0x0800206c       0x62 ./Drivers/STM32F4xx_HAL_Driver/Src/stm32f4xx_hal_pcd.o
                0x0800206c                HAL_PCD_EP_Abort
 .text.PCD_WriteEmptyTxFifo
                0x080020ce      0x118 ./Drivers/STM32F4xx_HAL_Driver/Src/stm32f4xx_hal_pcd.o
 *fill*         0x080021e6        0x2 
 .text.PCD_EP_OutXfrComplete_int
                0x080021e8      0x1d0 ./Drivers/STM32F4xx_HAL_Driver/Src/stm32f4xx_hal_pcd.o
 .text.PCD_EP_OutSetupPacket_int
                0x080023b8       0x8c ./Drivers/STM32F4xx_HAL_Driver/Src/stm32f4xx_hal_pcd.o
 .text.HAL_PCDEx_SetTxFiFo
                0x08002444       0x8e ./Drivers/STM32F4xx_HAL_Driver/Src/stm32f4xx_hal_pcd_ex.o
                0x08002444                HAL_PCDEx_SetTxFiFo
 .text.HAL_PCDEx_SetRxFiFo
                0x080024d2       0x22 ./Drivers/STM32F4xx_HAL_Driver/Src/stm32f4xx_hal_pcd_ex.o
                0x080024d2                HAL_PCDEx_SetRxFiFo
 .text.HAL_PCDEx_LPM_Callback
                0x080024f4       0x18 ./Drivers/STM32F4xx_HAL_Driver/Src/stm32f4xx_hal_pcd_ex.o
                0x080024f4                HAL_PCDEx_LPM_Callback
 .text.HAL_RCC_OscConfig
                0x0800250c      0x4f0 ./Drivers/STM32F4xx_HAL_Driver/Src/stm32f4xx_hal_rcc.o
                0x0800250c                HAL_RCC_OscConfig
 .text.HAL_RCC_ClockConfig
                0x080029fc      0x1cc ./Drivers/STM32F4xx_HAL_Driver/Src/stm32f4xx_hal_rcc.o
                0x080029fc                HAL_RCC_ClockConfig
 .text.HAL_RCC_GetSysClockFreq
                0x08002bc8      0x20c ./Drivers/STM32F4xx_HAL_Driver/Src/stm32f4xx_hal_rcc.o
                0x08002bc8                HAL_RCC_GetSysClockFreq
 .text.HAL_RCC_GetHCLKFreq
                0x08002dd4       0x18 ./Drivers/STM32F4xx_HAL_Driver/Src/stm32f4xx_hal_rcc.o
                0x08002dd4                HAL_RCC_GetHCLKFreq
 .text.USB_CoreInit
                0x08002dec       0xc8 ./Drivers/STM32F4xx_HAL_Driver/Src/stm32f4xx_ll_usb.o
                0x08002dec                USB_CoreInit
 .text.USB_SetTurnaroundTime
                0x08002eb4      0x144 ./Drivers/STM32F4xx_HAL_Driver/Src/stm32f4xx_ll_usb.o
                0x08002eb4                USB_SetTurnaroundTime
 .text.USB_EnableGlobalInt
                0x08002ff8       0x22 ./Drivers/STM32F4xx_HAL_Driver/Src/stm32f4xx_ll_usb.o
                0x08002ff8                USB_EnableGlobalInt
 .text.USB_DisableGlobalInt
                0x0800301a       0x22 ./Drivers/STM32F4xx_HAL_Driver/Src/stm32f4xx_ll_usb.o
                0x0800301a                USB_DisableGlobalInt
 .text.USB_SetCurrentMode
                0x0800303c       0x98 ./Drivers/STM32F4xx_HAL_Driver/Src/stm32f4xx_ll_usb.o
                0x0800303c                USB_SetCurrentMode
 .text.USB_DevInit
                0x080030d4      0x2c8 ./Drivers/STM32F4xx_HAL_Driver/Src/stm32f4xx_ll_usb.o
                0x080030d4                USB_DevInit
 .text.USB_FlushTxFifo
                0x0800339c       0x64 ./Drivers/STM32F4xx_HAL_Driver/Src/stm32f4xx_ll_usb.o
                0x0800339c                USB_FlushTxFifo
 .text.USB_FlushRxFifo
                0x08003400       0x5c ./Drivers/STM32F4xx_HAL_Driver/Src/stm32f4xx_ll_usb.o
                0x08003400                USB_FlushRxFifo
 .text.USB_SetDevSpeed
                0x0800345c       0x32 ./Drivers/STM32F4xx_HAL_Driver/Src/stm32f4xx_ll_usb.o
                0x0800345c                USB_SetDevSpeed
 .text.USB_GetDevSpeed
                0x0800348e       0x4a ./Drivers/STM32F4xx_HAL_Driver/Src/stm32f4xx_ll_usb.o
                0x0800348e                USB_GetDevSpeed
 .text.USB_ActivateEndpoint
                0x080034d8      0x10e ./Drivers/STM32F4xx_HAL_Driver/Src/stm32f4xx_ll_usb.o
                0x080034d8                USB_ActivateEndpoint
 *fill*         0x080035e6        0x2 
 .text.USB_DeactivateEndpoint
                0x080035e8      0x1b8 ./Drivers/STM32F4xx_HAL_Driver/Src/stm32f4xx_ll_usb.o
                0x080035e8                USB_DeactivateEndpoint
 .text.USB_EPStartXfer
                0x080037a0      0x53c ./Drivers/STM32F4xx_HAL_Driver/Src/stm32f4xx_ll_usb.o
                0x080037a0                USB_EPStartXfer
 .text.USB_EPStopXfer
                0x08003cdc      0x154 ./Drivers/STM32F4xx_HAL_Driver/Src/stm32f4xx_ll_usb.o
                0x08003cdc                USB_EPStopXfer
 .text.USB_WritePacket
                0x08003e30       0x7c ./Drivers/STM32F4xx_HAL_Driver/Src/stm32f4xx_ll_usb.o
                0x08003e30                USB_WritePacket
 .text.USB_ReadPacket
                0x08003eac       0xb0 ./Drivers/STM32F4xx_HAL_Driver/Src/stm32f4xx_ll_usb.o
                0x08003eac                USB_ReadPacket
 .text.USB_EPSetStall
                0x08003f5c       0xdc ./Drivers/STM32F4xx_HAL_Driver/Src/stm32f4xx_ll_usb.o
                0x08003f5c                USB_EPSetStall
 .text.USB_EPClearStall
                0x08004038       0xcc ./Drivers/STM32F4xx_HAL_Driver/Src/stm32f4xx_ll_usb.o
                0x08004038                USB_EPClearStall
 .text.USB_SetDevAddress
                0x08004104       0x4c ./Drivers/STM32F4xx_HAL_Driver/Src/stm32f4xx_ll_usb.o
                0x08004104                USB_SetDevAddress
 .text.USB_DevConnect
                0x08004150       0x42 ./Drivers/STM32F4xx_HAL_Driver/Src/stm32f4xx_ll_usb.o
                0x08004150                USB_DevConnect
 .text.USB_DevDisconnect
                0x08004192       0x42 ./Drivers/STM32F4xx_HAL_Driver/Src/stm32f4xx_ll_usb.o
                0x08004192                USB_DevDisconnect
 .text.USB_ReadInterrupts
                0x080041d4       0x26 ./Drivers/STM32F4xx_HAL_Driver/Src/stm32f4xx_ll_usb.o
                0x080041d4                USB_ReadInterrupts
 .text.USB_ReadDevAllOutEpInterrupt
                0x080041fa       0x34 ./Drivers/STM32F4xx_HAL_Driver/Src/stm32f4xx_ll_usb.o
                0x080041fa                USB_ReadDevAllOutEpInterrupt
 .text.USB_ReadDevAllInEpInterrupt
                0x0800422e       0x34 ./Drivers/STM32F4xx_HAL_Driver/Src/stm32f4xx_ll_usb.o
                0x0800422e                USB_ReadDevAllInEpInterrupt
 .text.USB_ReadDevOutEPInterrupt
                0x08004262       0x3c ./Drivers/STM32F4xx_HAL_Driver/Src/stm32f4xx_ll_usb.o
                0x08004262                USB_ReadDevOutEPInterrupt
 .text.USB_ReadDevInEPInterrupt
                0x0800429e       0x5c ./Drivers/STM32F4xx_HAL_Driver/Src/stm32f4xx_ll_usb.o
                0x0800429e                USB_ReadDevInEPInterrupt
 .text.USB_GetMode
                0x080042fa       0x1c ./Drivers/STM32F4xx_HAL_Driver/Src/stm32f4xx_ll_usb.o
                0x080042fa                USB_GetMode
 .text.USB_ActivateSetup
                0x08004316       0x46 ./Drivers/STM32F4xx_HAL_Driver/Src/stm32f4xx_ll_usb.o
                0x08004316                USB_ActivateSetup
 .text.USB_EP0_OutStart
                0x0800435c       0xbc ./Drivers/STM32F4xx_HAL_Driver/Src/stm32f4xx_ll_usb.o
                0x0800435c                USB_EP0_OutStart
 .text.USB_CoreReset
                0x08004418       0x70 ./Drivers/STM32F4xx_HAL_Driver/Src/stm32f4xx_ll_usb.o
 .text.USBD_HID_Init
                0x08004488       0xcc ./Middlewares/ST/STM32_USB_Device_Library/Class/HID/Src/usbd_hid.o
 .text.USBD_HID_DeInit
                0x08004554       0x90 ./Middlewares/ST/STM32_USB_Device_Library/Class/HID/Src/usbd_hid.o
 .text.USBD_HID_Setup
                0x080045e4      0x210 ./Middlewares/ST/STM32_USB_Device_Library/Class/HID/Src/usbd_hid.o
 .text.USBD_HID_SendReport
                0x080047f4       0x60 ./Middlewares/ST/STM32_USB_Device_Library/Class/HID/Src/usbd_hid.o
                0x080047f4                USBD_HID_SendReport
 .text.USBD_HID_GetFSCfgDesc
                0x08004854       0x34 ./Middlewares/ST/STM32_USB_Device_Library/Class/HID/Src/usbd_hid.o
 .text.USBD_HID_GetHSCfgDesc
                0x08004888       0x34 ./Middlewares/ST/STM32_USB_Device_Library/Class/HID/Src/usbd_hid.o
 .text.USBD_HID_GetOtherSpeedCfgDesc
                0x080048bc       0x34 ./Middlewares/ST/STM32_USB_Device_Library/Class/HID/Src/usbd_hid.o
 .text.USBD_HID_DataIn
                0x080048f0       0x2c ./Middlewares/ST/STM32_USB_Device_Library/Class/HID/Src/usbd_hid.o
 .text.USBD_HID_GetDeviceQualifierDesc
                0x0800491c       0x20 ./Middlewares/ST/STM32_USB_Device_Library/Class/HID/Src/usbd_hid.o
 .text.USBD_Init
                0x0800493c       0x60 ./Middlewares/ST/STM32_USB_Device_Library/Core/Src/usbd_core.o
                0x0800493c                USBD_Init
 .text.USBD_RegisterClass
                0x0800499c       0x6c ./Middlewares/ST/STM32_USB_Device_Library/Core/Src/usbd_core.o
                0x0800499c                USBD_RegisterClass
 .text.USBD_Start
                0x08004a08       0x18 ./Middlewares/ST/STM32_USB_Device_Library/Core/Src/usbd_core.o
                0x08004a08                USBD_Start
 .text.USBD_RunTestMode
                0x08004a20       0x16 ./Middlewares/ST/STM32_USB_Device_Library/Core/Src/usbd_core.o
                0x08004a20                USBD_RunTestMode
 .text.USBD_SetClassConfig
                0x08004a36       0x38 ./Middlewares/ST/STM32_USB_Device_Library/Core/Src/usbd_core.o
                0x08004a36                USBD_SetClassConfig
 .text.USBD_ClrClassConfig
                0x08004a6e       0x34 ./Middlewares/ST/STM32_USB_Device_Library/Core/Src/usbd_core.o
                0x08004a6e                USBD_ClrClassConfig
 .text.USBD_LL_SetupStage
                0x08004aa2       0xaa ./Middlewares/ST/STM32_USB_Device_Library/Core/Src/usbd_core.o
                0x08004aa2                USBD_LL_SetupStage
 .text.USBD_LL_DataOutStage
                0x08004b4c      0x178 ./Middlewares/ST/STM32_USB_Device_Library/Core/Src/usbd_core.o
                0x08004b4c                USBD_LL_DataOutStage
 .text.USBD_LL_DataInStage
                0x08004cc4      0x176 ./Middlewares/ST/STM32_USB_Device_Library/Core/Src/usbd_core.o
                0x08004cc4                USBD_LL_DataInStage
 .text.USBD_LL_Reset
                0x08004e3a       0xa6 ./Middlewares/ST/STM32_USB_Device_Library/Core/Src/usbd_core.o
                0x08004e3a                USBD_LL_Reset
 .text.USBD_LL_SetSpeed
                0x08004ee0       0x20 ./Middlewares/ST/STM32_USB_Device_Library/Core/Src/usbd_core.o
                0x08004ee0                USBD_LL_SetSpeed
 .text.USBD_LL_Suspend
                0x08004f00       0x38 ./Middlewares/ST/STM32_USB_Device_Library/Core/Src/usbd_core.o
                0x08004f00                USBD_LL_Suspend
 .text.USBD_LL_Resume
                0x08004f38       0x30 ./Middlewares/ST/STM32_USB_Device_Library/Core/Src/usbd_core.o
                0x08004f38                USBD_LL_Resume
 .text.USBD_LL_SOF
                0x08004f68       0x40 ./Middlewares/ST/STM32_USB_Device_Library/Core/Src/usbd_core.o
                0x08004f68                USBD_LL_SOF
 .text.USBD_LL_IsoINIncomplete
                0x08004fa8       0x64 ./Middlewares/ST/STM32_USB_Device_Library/Core/Src/usbd_core.o
                0x08004fa8                USBD_LL_IsoINIncomplete
 .text.USBD_LL_IsoOUTIncomplete
                0x0800500c       0x64 ./Middlewares/ST/STM32_USB_Device_Library/Core/Src/usbd_core.o
                0x0800500c                USBD_LL_IsoOUTIncomplete
 .text.USBD_LL_DevConnected
                0x08005070       0x16 ./Middlewares/ST/STM32_USB_Device_Library/Core/Src/usbd_core.o
                0x08005070                USBD_LL_DevConnected
 .text.USBD_LL_DevDisconnected
                0x08005086       0x46 ./Middlewares/ST/STM32_USB_Device_Library/Core/Src/usbd_core.o
                0x08005086                USBD_LL_DevDisconnected
 .text.USBD_CoreFindIF
                0x080050cc       0x1a ./Middlewares/ST/STM32_USB_Device_Library/Core/Src/usbd_core.o
                0x080050cc                USBD_CoreFindIF
 .text.USBD_CoreFindEP
                0x080050e6       0x1a ./Middlewares/ST/STM32_USB_Device_Library/Core/Src/usbd_core.o
                0x080050e6                USBD_CoreFindEP
 .text.USBD_GetEpDesc
                0x08005100       0x70 ./Middlewares/ST/STM32_USB_Device_Library/Core/Src/usbd_core.o
                0x08005100                USBD_GetEpDesc
 .text.USBD_GetNextDesc
                0x08005170       0x38 ./Middlewares/ST/STM32_USB_Device_Library/Core/Src/usbd_core.o
                0x08005170                USBD_GetNextDesc
 .text.SWAPBYTE
                0x080051a8       0x3e ./Middlewares/ST/STM32_USB_Device_Library/Core/Src/usbd_ctlreq.o
 *fill*         0x080051e6        0x2 
 .text.USBD_StdDevReq
                0x080051e8       0xe4 ./Middlewares/ST/STM32_USB_Device_Library/Core/Src/usbd_ctlreq.o
                0x080051e8                USBD_StdDevReq
 .text.USBD_StdItfReq
                0x080052cc       0xd8 ./Middlewares/ST/STM32_USB_Device_Library/Core/Src/usbd_ctlreq.o
                0x080052cc                USBD_StdItfReq
 .text.USBD_StdEPReq
                0x080053a4      0x33e ./Middlewares/ST/STM32_USB_Device_Library/Core/Src/usbd_ctlreq.o
                0x080053a4                USBD_StdEPReq
 *fill*         0x080056e2        0x2 
 .text.USBD_GetDescriptor
                0x080056e4      0x2d4 ./Middlewares/ST/STM32_USB_Device_Library/Core/Src/usbd_ctlreq.o
 .text.USBD_SetAddress
                0x080059b8       0x88 ./Middlewares/ST/STM32_USB_Device_Library/Core/Src/usbd_ctlreq.o
 .text.USBD_SetConfig
                0x08005a40      0x154 ./Middlewares/ST/STM32_USB_Device_Library/Core/Src/usbd_ctlreq.o
 .text.USBD_GetConfig
                0x08005b94       0x6c ./Middlewares/ST/STM32_USB_Device_Library/Core/Src/usbd_ctlreq.o
 .text.USBD_GetStatus
                0x08005c00       0x68 ./Middlewares/ST/STM32_USB_Device_Library/Core/Src/usbd_ctlreq.o
 .text.USBD_SetFeature
                0x08005c68       0x52 ./Middlewares/ST/STM32_USB_Device_Library/Core/Src/usbd_ctlreq.o
 .text.USBD_ClrFeature
                0x08005cba       0x44 ./Middlewares/ST/STM32_USB_Device_Library/Core/Src/usbd_ctlreq.o
 .text.USBD_ParseSetupRequest
                0x08005cfe       0x74 ./Middlewares/ST/STM32_USB_Device_Library/Core/Src/usbd_ctlreq.o
                0x08005cfe                USBD_ParseSetupRequest
 .text.USBD_CtlError
                0x08005d72       0x22 ./Middlewares/ST/STM32_USB_Device_Library/Core/Src/usbd_ctlreq.o
                0x08005d72                USBD_CtlError
 .text.USBD_GetString
                0x08005d94       0xa4 ./Middlewares/ST/STM32_USB_Device_Library/Core/Src/usbd_ctlreq.o
                0x08005d94                USBD_GetString
 .text.USBD_GetLen
                0x08005e38       0x34 ./Middlewares/ST/STM32_USB_Device_Library/Core/Src/usbd_ctlreq.o
 .text.USBD_CtlSendData
                0x08005e6c       0x3c ./Middlewares/ST/STM32_USB_Device_Library/Core/Src/usbd_ioreq.o
                0x08005e6c                USBD_CtlSendData
 .text.USBD_CtlContinueSendData
                0x08005ea8       0x22 ./Middlewares/ST/STM32_USB_Device_Library/Core/Src/usbd_ioreq.o
                0x08005ea8                USBD_CtlContinueSendData
 .text.USBD_CtlContinueRx
                0x08005eca       0x22 ./Middlewares/ST/STM32_USB_Device_Library/Core/Src/usbd_ioreq.o
                0x08005eca                USBD_CtlContinueRx
 .text.USBD_CtlSendStatus
                0x08005eec       0x26 ./Middlewares/ST/STM32_USB_Device_Library/Core/Src/usbd_ioreq.o
                0x08005eec                USBD_CtlSendStatus
 .text.USBD_CtlReceiveStatus
                0x08005f12       0x26 ./Middlewares/ST/STM32_USB_Device_Library/Core/Src/usbd_ioreq.o
                0x08005f12                USBD_CtlReceiveStatus
 .text.MX_USB_DEVICE_Init
                0x08005f38       0x4c ./USB_DEVICE/App/usb_device.o
                0x08005f38                MX_USB_DEVICE_Init
 .text.USBD_FS_DeviceDescriptor
                0x08005f84       0x24 ./USB_DEVICE/App/usbd_desc.o
                0x08005f84                USBD_FS_DeviceDescriptor
 .text.USBD_FS_LangIDStrDescriptor
                0x08005fa8       0x24 ./USB_DEVICE/App/usbd_desc.o
                0x08005fa8                USBD_FS_LangIDStrDescriptor
 .text.USBD_FS_ProductStrDescriptor
                0x08005fcc       0x3c ./USB_DEVICE/App/usbd_desc.o
                0x08005fcc                USBD_FS_ProductStrDescriptor
 .text.USBD_FS_ManufacturerStrDescriptor
                0x08006008       0x28 ./USB_DEVICE/App/usbd_desc.o
                0x08006008                USBD_FS_ManufacturerStrDescriptor
 .text.USBD_FS_SerialStrDescriptor
                0x08006030       0x24 ./USB_DEVICE/App/usbd_desc.o
                0x08006030                USBD_FS_SerialStrDescriptor
 .text.USBD_FS_ConfigStrDescriptor
                0x08006054       0x3c ./USB_DEVICE/App/usbd_desc.o
                0x08006054                USBD_FS_ConfigStrDescriptor
 .text.USBD_FS_InterfaceStrDescriptor
                0x08006090       0x3c ./USB_DEVICE/App/usbd_desc.o
                0x08006090                USBD_FS_InterfaceStrDescriptor
 .text.Get_SerialNum
                0x080060cc       0x58 ./USB_DEVICE/App/usbd_desc.o
 .text.IntToUnicode
                0x08006124       0x7e ./USB_DEVICE/App/usbd_desc.o
 *fill*         0x080061a2        0x2 
 .text.HAL_PCD_MspInit
                0x080061a4       0xa8 ./USB_DEVICE/Target/usbd_conf.o
                0x080061a4                HAL_PCD_MspInit
 .text.HAL_PCD_SetupStageCallback
                0x0800624c       0x24 ./USB_DEVICE/Target/usbd_conf.o
                0x0800624c                HAL_PCD_SetupStageCallback
 .text.HAL_PCD_DataOutStageCallback
                0x08006270       0x36 ./USB_DEVICE/Target/usbd_conf.o
                0x08006270                HAL_PCD_DataOutStageCallback
 .text.HAL_PCD_DataInStageCallback
                0x080062a6       0x34 ./USB_DEVICE/Target/usbd_conf.o
                0x080062a6                HAL_PCD_DataInStageCallback
 .text.HAL_PCD_SOFCallback
                0x080062da       0x1c ./USB_DEVICE/Target/usbd_conf.o
                0x080062da                HAL_PCD_SOFCallback
 .text.HAL_PCD_ResetCallback
                0x080062f6       0x50 ./USB_DEVICE/Target/usbd_conf.o
                0x080062f6                HAL_PCD_ResetCallback
 *fill*         0x08006346        0x2 
 .text.HAL_PCD_SuspendCallback
                0x08006348       0x4c ./USB_DEVICE/Target/usbd_conf.o
                0x08006348                HAL_PCD_SuspendCallback
 .text.HAL_PCD_ResumeCallback
                0x08006394       0x1c ./USB_DEVICE/Target/usbd_conf.o
                0x08006394                HAL_PCD_ResumeCallback
 .text.HAL_PCD_ISOOUTIncompleteCallback
                0x080063b0       0x24 ./USB_DEVICE/Target/usbd_conf.o
                0x080063b0                HAL_PCD_ISOOUTIncompleteCallback
 .text.HAL_PCD_ISOINIncompleteCallback
                0x080063d4       0x24 ./USB_DEVICE/Target/usbd_conf.o
                0x080063d4                HAL_PCD_ISOINIncompleteCallback
 .text.HAL_PCD_ConnectCallback
                0x080063f8       0x1c ./USB_DEVICE/Target/usbd_conf.o
                0x080063f8                HAL_PCD_ConnectCallback
 .text.HAL_PCD_DisconnectCallback
                0x08006414       0x1c ./USB_DEVICE/Target/usbd_conf.o
                0x08006414                HAL_PCD_DisconnectCallback
 .text.USBD_LL_Init
                0x08006430       0x98 ./USB_DEVICE/Target/usbd_conf.o
                0x08006430                USBD_LL_Init
 .text.USBD_LL_Start
                0x080064c8       0x36 ./USB_DEVICE/Target/usbd_conf.o
                0x080064c8                USBD_LL_Start
 .text.USBD_LL_OpenEP
                0x080064fe       0x4c ./USB_DEVICE/Target/usbd_conf.o
                0x080064fe                USBD_LL_OpenEP
 .text.USBD_LL_CloseEP
                0x0800654a       0x3e ./USB_DEVICE/Target/usbd_conf.o
                0x0800654a                USBD_LL_CloseEP
 .text.USBD_LL_StallEP
                0x08006588       0x3e ./USB_DEVICE/Target/usbd_conf.o
                0x08006588                USBD_LL_StallEP
 .text.USBD_LL_ClearStallEP
                0x080065c6       0x3e ./USB_DEVICE/Target/usbd_conf.o
                0x080065c6                USBD_LL_ClearStallEP
 .text.USBD_LL_IsStallEP
                0x08006604       0x58 ./USB_DEVICE/Target/usbd_conf.o
                0x08006604                USBD_LL_IsStallEP
 .text.USBD_LL_SetUSBAddress
                0x0800665c       0x3e ./USB_DEVICE/Target/usbd_conf.o
                0x0800665c                USBD_LL_SetUSBAddress
 .text.USBD_LL_Transmit
                0x0800669a       0x42 ./USB_DEVICE/Target/usbd_conf.o
                0x0800669a                USBD_LL_Transmit
 .text.USBD_LL_PrepareReceive
                0x080066dc       0x42 ./USB_DEVICE/Target/usbd_conf.o
                0x080066dc                USBD_LL_PrepareReceive
 *fill*         0x0800671e        0x2 
 .text.USBD_static_malloc
                0x08006720       0x1c ./USB_DEVICE/Target/usbd_conf.o
                0x08006720                USBD_static_malloc
 .text.USBD_static_free
                0x0800673c       0x14 ./USB_DEVICE/Target/usbd_conf.o
                0x0800673c                USBD_static_free
 .text.USBD_Get_USB_Status
                0x08006750       0x58 ./USB_DEVICE/Target/usbd_conf.o
                0x08006750                USBD_Get_USB_Status
 .text.memset   0x080067a8       0x10 C:/ST/STM32CubeIDE_1.19.0/STM32CubeIDE/plugins/com.st.stm32cube.ide.mcu.externaltools.gnu-tools-for-stm32.13.3.rel1.win32_1.0.100.202509120712/tools/bin/../lib/gcc/arm-none-eabi/13.3.1/../../../../arm-none-eabi/lib/thumb/v7e-m+fp/hard\libc_nano.a(libc_a-memset.o)
                0x080067a8                memset
 .text.__libc_init_array
                0x080067b8       0x48 C:/ST/STM32CubeIDE_1.19.0/STM32CubeIDE/plugins/com.st.stm32cube.ide.mcu.externaltools.gnu-tools-for-stm32.13.3.rel1.win32_1.0.100.202509120712/tools/bin/../lib/gcc/arm-none-eabi/13.3.1/../../../../arm-none-eabi/lib/thumb/v7e-m+fp/hard\libc_nano.a(libc_a-init.o)
                0x080067b8                __libc_init_array
 *(.glue_7)
 .glue_7        0x08006800        0x0 linker stubs
 *(.glue_7t)
 .glue_7t       0x08006800        0x0 linker stubs
 *(.eh_frame)
 .eh_frame      0x08006800        0x0 C:/ST/STM32CubeIDE_1.19.0/STM32CubeIDE/plugins/com.st.stm32cube.ide.mcu.externaltools.gnu-tools-for-stm32.13.3.rel1.win32_1.0.100.202509120712/tools/bin/../lib/gcc/arm-none-eabi/13.3.1/thumb/v7e-m+fp/hard/crtbegin.o
 *(.init)
 .init          0x08006800        0x4 C:/ST/STM32CubeIDE_1.19.0/STM32CubeIDE/plugins/com.st.stm32cube.ide.mcu.externaltools.gnu-tools-for-stm32.13.3.rel1.win32_1.0.100.202509120712/tools/bin/../lib/gcc/arm-none-eabi/13.3.1/thumb/v7e-m+fp/hard/crti.o
                0x08006800                _init
 .init          0x08006804        0x8 C:/ST/STM32CubeIDE_1.19.0/STM32CubeIDE/plugins/com.st.stm32cube.ide.mcu.externaltools.gnu-tools-for-stm32.13.3.rel1.win32_1.0.100.202509120712/tools/bin/../lib/gcc/arm-none-eabi/13.3.1/thumb/v7e-m+fp/hard/crtn.o
 *(.fini)
 .fini          0x0800680c        0x4 C:/ST/STM32CubeIDE_1.19.0/STM32CubeIDE/plugins/com.st.stm32cube.ide.mcu.externaltools.gnu-tools-for-stm32.13.3.rel1.win32_1.0.100.202509120712/tools/bin/../lib/gcc/arm-none-eabi/13.3.1/thumb/v7e-m+fp/hard/crti.o
                0x0800680c                _fini
 .fini          0x08006810        0x8 C:/ST/STM32CubeIDE_1.19.0/STM32CubeIDE/plugins/com.st.stm32cube.ide.mcu.externaltools.gnu-tools-for-stm32.13.3.rel1.win32_1.0.100.202509120712/tools/bin/../lib/gcc/arm-none-eabi/13.3.1/thumb/v7e-m+fp/hard/crtn.o
                0x08006818                        . = ALIGN (0x4)
                0x08006818                        _etext = .

.vfp11_veneer   0x08006818        0x0
 .vfp11_veneer  0x08006818        0x0 linker stubs

.v4_bx          0x08006818        0x0
 .v4_bx         0x08006818        0x0 linker stubs

.iplt           0x08006818        0x0
 .iplt          0x08006818        0x0 C:/ST/STM32CubeIDE_1.19.0/STM32CubeIDE/plugins/com.st.stm32cube.ide.mcu.externaltools.gnu-tools-for-stm32.13.3.rel1.win32_1.0.100.202509120712/tools/bin/../lib/gcc/arm-none-eabi/13.3.1/thumb/v7e-m+fp/hard/crtbegin.o

.rodata         0x08006818       0x58
                0x08006818                        . = ALIGN (0x4)
 *(.rodata)
 .rodata        0x08006818       0x46 ./USB_DEVICE/App/usbd_desc.o
 *(.rodata*)
 *fill*         0x0800685e        0x2 
 .rodata.AHBPrescTable
                0x08006860       0x10 ./Core/Src/system_stm32f4xx.o
                0x08006860                AHBPrescTable
                0x08006870                        . = ALIGN (0x4)

.ARM.extab      0x08006870        0x0
                0x08006870                        . = ALIGN (0x4)
 *(.ARM.extab* .gnu.linkonce.armextab.*)
                0x08006870                        . = ALIGN (0x4)

.ARM            0x08006870        0x8
                0x08006870                        . = ALIGN (0x4)
                0x08006870                        __exidx_start = .
 *(.ARM.exidx*)
 .ARM.exidx     0x08006870        0x8 C:/ST/STM32CubeIDE_1.19.0/STM32CubeIDE/plugins/com.st.stm32cube.ide.mcu.externaltools.gnu-tools-for-stm32.13.3.rel1.win32_1.0.100.202509120712/tools/bin/../lib/gcc/arm-none-eabi/13.3.1/thumb/v7e-m+fp/hard\libgcc.a(_udivmoddi4.o)
                0x08006878                        __exidx_end = .
                0x08006878                        . = ALIGN (0x4)

.preinit_array  0x08006878        0x0
                0x08006878                        . = ALIGN (0x4)
                0x08006878                        PROVIDE (__preinit_array_start = .)
 *(.preinit_array*)
                0x08006878                        PROVIDE (__preinit_array_end = .)
                0x08006878                        . = ALIGN (0x4)

.init_array     0x08006878        0x4
                0x08006878                        . = ALIGN (0x4)
                0x08006878                        PROVIDE (__init_array_start = .)
 *(SORT_BY_NAME(.init_array.*))
 *(.init_array*)
 .init_array    0x08006878        0x4 C:/ST/STM32CubeIDE_1.19.0/STM32CubeIDE/plugins/com.st.stm32cube.ide.mcu.externaltools.gnu-tools-for-stm32.13.3.rel1.win32_1.0.100.202509120712/tools/bin/../lib/gcc/arm-none-eabi/13.3.1/thumb/v7e-m+fp/hard/crtbegin.o
                0x0800687c                        PROVIDE (__init_array_end = .)
                0x0800687c                        . = ALIGN (0x4)

.fini_array     0x0800687c        0x4
                0x0800687c                        . = ALIGN (0x4)
                [!provide]                        PROVIDE (__fini_array_start = .)
 *(SORT_BY_NAME(.fini_array.*))
 *(.fini_array*)
 .fini_array    0x0800687c        0x4 C:/ST/STM32CubeIDE_1.19.0/STM32CubeIDE/plugins/com.st.stm32cube.ide.mcu.externaltools.gnu-tools-for-stm32.13.3.rel1.win32_1.0.100.202509120712/tools/bin/../lib/gcc/arm-none-eabi/13.3.1/thumb/v7e-m+fp/hard/crtbegin.o
                [!provide]                        PROVIDE (__fini_array_end = .)
                0x08006880                        . = ALIGN (0x4)
                0x08006880                        _sidata = LOADADDR (.data)

.rel.dyn        0x08006880        0x0
 .rel.iplt      0x08006880        0x0 C:/ST/STM32CubeIDE_1.19.0/STM32CubeIDE/plugins/com.st.stm32cube.ide.mcu.externaltools.gnu-tools-for-stm32.13.3.rel1.win32_1.0.100.202509120712/tools/bin/../lib/gcc/arm-none-eabi/13.3.1/thumb/v7e-m+fp/hard/crtbegin.o

.data           0x20000000      0x100 load address 0x08006880
                0x20000000                        . = ALIGN (0x4)
                0x20000000                        _sdata = .
 *(.data)
 *(.data*)
 .data.SystemCoreClock
                0x20000000        0x4 ./Core/Src/system_stm32f4xx.o
                0x20000000                SystemCoreClock
 .data.uwTickPrio
                0x20000004        0x4 ./Drivers/STM32F4xx_HAL_Driver/Src/stm32f4xx_hal.o
                0x20000004                uwTickPrio
 .data.uwTickFreq
                0x20000008        0x1 ./Drivers/STM32F4xx_HAL_Driver/Src/stm32f4xx_hal.o
                0x20000008                uwTickFreq
 *fill*         0x20000009        0x3 
 .data.USBD_HID
                0x2000000c       0x38 ./Middlewares/ST/STM32_USB_Device_Library/Class/HID/Src/usbd_hid.o
                0x2000000c                USBD_HID
 .data.USBD_HID_CfgDesc
                0x20000044       0x22 ./Middlewares/ST/STM32_USB_Device_Library/Class/HID/Src/usbd_hid.o
 *fill*         0x20000066        0x2 
 .data.USBD_HID_Desc
                0x20000068        0x9 ./Middlewares/ST/STM32_USB_Device_Library/Class/HID/Src/usbd_hid.o
 *fill*         0x20000071        0x3 
 .data.USBD_HID_DeviceQualifierDesc
                0x20000074        0xa ./Middlewares/ST/STM32_USB_Device_Library/Class/HID/Src/usbd_hid.o
 *fill*         0x2000007e        0x2 
 .data.HID_MOUSE_ReportDesc
                0x20000080       0x2c ./Middlewares/ST/STM32_USB_Device_Library/Class/HID/Src/usbd_hid.o
 .data.HIDInEpAdd
                0x200000ac        0x1 ./Middlewares/ST/STM32_USB_Device_Library/Class/HID/Src/usbd_hid.o
 *fill*         0x200000ad        0x3 
 .data.FS_Desc  0x200000b0       0x1c ./USB_DEVICE/App/usbd_desc.o
                0x200000b0                FS_Desc
 .data.USBD_FS_DeviceDesc
                0x200000cc       0x12 ./USB_DEVICE/App/usbd_desc.o
                0x200000cc                USBD_FS_DeviceDesc
 *fill*         0x200000de        0x2 
 .data.USBD_LangIDDesc
                0x200000e0        0x4 ./USB_DEVICE/App/usbd_desc.o
                0x200000e0                USBD_LangIDDesc
 .data.USBD_StringSerial
                0x200000e4       0x1a ./USB_DEVICE/App/usbd_desc.o
                0x200000e4                USBD_StringSerial
 *(.RamFunc)
 *(.RamFunc*)
                0x20000100                        . = ALIGN (0x4)
 *fill*         0x200000fe        0x2 
                0x20000100                        _edata = .
                0x08006980                        _siccmram = LOADADDR (.ccmram)

.igot.plt       0x20000100        0x0 load address 0x08006980
 .igot.plt      0x20000100        0x0 C:/ST/STM32CubeIDE_1.19.0/STM32CubeIDE/plugins/com.st.stm32cube.ide.mcu.externaltools.gnu-tools-for-stm32.13.3.rel1.win32_1.0.100.202509120712/tools/bin/../lib/gcc/arm-none-eabi/13.3.1/thumb/v7e-m+fp/hard/crtbegin.o

.ccmram         0x10000000        0x0 load address 0x08006980
                0x10000000                        . = ALIGN (0x4)
                0x10000000                        _sccmram = .
 *(.ccmram)
 *(.ccmram*)
                0x10000000                        . = ALIGN (0x4)
                0x10000000                        _eccmram = .
                0x10000000                        . = ALIGN (0x4)

.bss            0x20000100      0xa00
                0x20000100                        _sbss = .
                0x20000100                        __bss_start__ = _sbss
 *(.bss)
 .bss           0x20000100       0x1c C:/ST/STM32CubeIDE_1.19.0/STM32CubeIDE/plugins/com.st.stm32cube.ide.mcu.externaltools.gnu-tools-for-stm32.13.3.rel1.win32_1.0.100.202509120712/tools/bin/../lib/gcc/arm-none-eabi/13.3.1/thumb/v7e-m+fp/hard/crtbegin.o
 *(.bss*)
 .bss.Buttons   0x2000011c        0x1 ./Core/Src/main.o
                0x2000011c                Buttons
 *fill*         0x2000011d        0x3 
 .bss.Joy       0x20000120        0x3 ./Core/Src/main.o
                0x20000120                Joy
 *fill*         0x20000123        0x1 
 .bss.uwTick    0x20000124        0x4 ./Drivers/STM32F4xx_HAL_Driver/Src/stm32f4xx_hal.o
                0x20000124                uwTick
 .bss.cfgidx.0  0x20000128        0x1 ./Middlewares/ST/STM32_USB_Device_Library/Core/Src/usbd_ctlreq.o
 *fill*         0x20000129        0x3 
 .bss.hUsbDeviceFS
                0x2000012c      0x2dc ./USB_DEVICE/App/usb_device.o
                0x2000012c                hUsbDeviceFS
 .bss.USBD_StrDesc
                0x20000408      0x200 ./USB_DEVICE/App/usbd_desc.o
                0x20000408                USBD_StrDesc
 .bss.hpcd_USB_OTG_FS
                0x20000608      0x4e4 ./USB_DEVICE/Target/usbd_conf.o
                0x20000608                hpcd_USB_OTG_FS
 .bss.mem.0     0x20000aec       0x14 ./USB_DEVICE/Target/usbd_conf.o
 *(COMMON)
                0x20000b00                        . = ALIGN (0x4)
                0x20000b00                        _ebss = .
                0x20000b00                        __bss_end__ = _ebss

._user_heap_stack
                0x20000b00      0x600
                0x20000b00                        . = ALIGN (0x8)
                [!provide]                        PROVIDE (end = .)
                0x20000b00                        PROVIDE (_end = .)
                0x20000d00                        . = (. + _Min_Heap_Size)
 *fill*         0x20000b00      0x200 
                0x20001100                        . = (. + _Min_Stack_Size)
 *fill*         0x20000d00      0x400 
                0x20001100                        . = ALIGN (0x8)

/DISCARD/
 libc.a(*)
 libm.a(*)
 libgcc.a(*)

.ARM.attributes
                0x00000000       0x30
 *(.ARM.attributes)
 .ARM.attributes
                0x00000000       0x22 C:/ST/STM32CubeIDE_1.19.0/STM32CubeIDE/plugins/com.st.stm32cube.ide.mcu.externaltools.gnu-tools-for-stm32.13.3.rel1.win32_1.0.100.202509120712/tools/bin/../lib/gcc/arm-none-eabi/13.3.1/thumb/v7e-m+fp/hard/crti.o
 .ARM.attributes
                0x00000022       0x34 C:/ST/STM32CubeIDE_1.19.0/STM32CubeIDE/plugins/com.st.stm32cube.ide.mcu.externaltools.gnu-tools-for-stm32.13.3.rel1.win32_1.0.100.202509120712/tools/bin/../lib/gcc/arm-none-eabi/13.3.1/thumb/v7e-m+fp/hard/crtbegin.o
 .ARM.attributes
                0x00000056       0x34 ./Core/Src/gpio.o
 .ARM.attributes
                0x0000008a       0x34 ./Core/Src/main.o
 .ARM.attributes
                0x000000be       0x34 ./Core/Src/stm32f4xx_hal_msp.o
 .ARM.attributes
                0x000000f2       0x34 ./Core/Src/stm32f4xx_it.o
 .ARM.attributes
                0x00000126       0x34 ./Core/Src/system_stm32f4xx.o
 .ARM.attributes
                0x0000015a       0x21 ./Core/Startup/startup_stm32f407vgtx.o
 .ARM.attributes
                0x0000017b       0x34 ./Drivers/STM32F4xx_HAL_Driver/Src/stm32f4xx_hal.o
 .ARM.attributes
                0x000001af       0x34 ./Drivers/STM32F4xx_HAL_Driver/Src/stm32f4xx_hal_cortex.o
 .ARM.attributes
                0x000001e3       0x34 ./Drivers/STM32F4xx_HAL_Driver/Src/stm32f4xx_hal_gpio.o
 .ARM.attributes
                0x00000217       0x34 ./Drivers/STM32F4xx_HAL_Driver/Src/stm32f4xx_hal_pcd.o
 .ARM.attributes
                0x0000024b       0x34 ./Drivers/STM32F4xx_HAL_Driver/Src/stm32f4xx_hal_pcd_ex.o
 .ARM.attributes
                0x0000027f       0x34 ./Drivers/STM32F4xx_HAL_Driver/Src/stm32f4xx_hal_rcc.o
 .ARM.attributes
                0x000002b3       0x34 ./Drivers/STM32F4xx_HAL_Driver/Src/stm32f4xx_ll_usb.o
 .ARM.attributes
                0x000002e7       0x34 ./Middlewares/ST/STM32_USB_Device_Library/Class/HID/Src/usbd_hid.o
 .ARM.attributes
                0x0000031b       0x34 ./Middlewares/ST/STM32_USB_Device_Library/Core/Src/usbd_core.o
 .ARM.attributes
                0x0000034f       0x34 ./Middlewares/ST/STM32_USB_Device_Library/Core/Src/usbd_ctlreq.o
 .ARM.attributes
                0x00000383       0x34 ./Middlewares/ST/STM32_USB_Device_Library/Core/Src/usbd_ioreq.o
 .ARM.attributes
                0x000003b7       0x34 ./USB_DEVICE/App/usb_device.o
 .ARM.attributes
                0x000003eb       0x34 ./USB_DEVICE/App/usbd_desc.o
 .ARM.attributes
                0x0000041f       0x34 ./USB_DEVICE/Target/usbd_conf.o
 .ARM.attributes
                0x00000453       0x34 C:/ST/STM32CubeIDE_1.19.0/STM32CubeIDE/plugins/com.st.stm32cube.ide.mcu.externaltools.gnu-tools-for-stm32.13.3.rel1.win32_1.0.100.202509120712/tools/bin/../lib/gcc/arm-none-eabi/13.3.1/../../../../arm-none-eabi/lib/thumb/v7e-m+fp/hard\libc_nano.a(libc_a-memset.o)
 .ARM.attributes
                0x00000487       0x34 C:/ST/STM32CubeIDE_1.19.0/STM32CubeIDE/plugins/com.st.stm32cube.ide.mcu.externaltools.gnu-tools-for-stm32.13.3.rel1.win32_1.0.100.202509120712/tools/bin/../lib/gcc/arm-none-eabi/13.3.1/../../../../arm-none-eabi/lib/thumb/v7e-m+fp/hard\libc_nano.a(libc_a-init.o)
 .ARM.attributes
                0x000004bb       0x22 C:/ST/STM32CubeIDE_1.19.0/STM32CubeIDE/plugins/com.st.stm32cube.ide.mcu.externaltools.gnu-tools-for-stm32.13.3.rel1.win32_1.0.100.202509120712/tools/bin/../lib/gcc/arm-none-eabi/13.3.1/thumb/v7e-m+fp/hard\libgcc.a(_aeabi_uldivmod.o)
 .ARM.attributes
                0x000004dd       0x34 C:/ST/STM32CubeIDE_1.19.0/STM32CubeIDE/plugins/com.st.stm32cube.ide.mcu.externaltools.gnu-tools-for-stm32.13.3.rel1.win32_1.0.100.202509120712/tools/bin/../lib/gcc/arm-none-eabi/13.3.1/thumb/v7e-m+fp/hard\libgcc.a(_udivmoddi4.o)
 .ARM.attributes
                0x00000511       0x22 C:/ST/STM32CubeIDE_1.19.0/STM32CubeIDE/plugins/com.st.stm32cube.ide.mcu.externaltools.gnu-tools-for-stm32.13.3.rel1.win32_1.0.100.202509120712/tools/bin/../lib/gcc/arm-none-eabi/13.3.1/thumb/v7e-m+fp/hard\libgcc.a(_dvmd_tls.o)
 .ARM.attributes
                0x00000533       0x22 C:/ST/STM32CubeIDE_1.19.0/STM32CubeIDE/plugins/com.st.stm32cube.ide.mcu.externaltools.gnu-tools-for-stm32.13.3.rel1.win32_1.0.100.202509120712/tools/bin/../lib/gcc/arm-none-eabi/13.3.1/thumb/v7e-m+fp/hard/crtn.o
OUTPUT(Demo_USBJoystick.elf elf32-littlearm)
LOAD linker stubs
LOAD C:/ST/STM32CubeIDE_1.19.0/STM32CubeIDE/plugins/com.st.stm32cube.ide.mcu.externaltools.gnu-tools-for-stm32.13.3.rel1.win32_1.0.100.202509120712/tools/bin/../lib/gcc/arm-none-eabi/13.3.1/../../../../arm-none-eabi/lib/thumb/v7e-m+fp/hard\libc.a
LOAD C:/ST/STM32CubeIDE_1.19.0/STM32CubeIDE/plugins/com.st.stm32cube.ide.mcu.externaltools.gnu-tools-for-stm32.13.3.rel1.win32_1.0.100.202509120712/tools/bin/../lib/gcc/arm-none-eabi/13.3.1/../../../../arm-none-eabi/lib/thumb/v7e-m+fp/hard\libm.a
LOAD C:/ST/STM32CubeIDE_1.19.0/STM32CubeIDE/plugins/com.st.stm32cube.ide.mcu.externaltools.gnu-tools-for-stm32.13.3.rel1.win32_1.0.100.202509120712/tools/bin/../lib/gcc/arm-none-eabi/13.3.1/thumb/v7e-m+fp/hard\libgcc.a

.debug_info     0x00000000     0xccdc
 .debug_info    0x00000000      0x441 ./Core/Src/gpio.o
 .debug_info    0x00000441      0xcdc ./Core/Src/main.o
 .debug_info    0x0000111d      0x269 ./Core/Src/stm32f4xx_hal_msp.o
 .debug_info    0x00001386      0x627 ./Core/Src/stm32f4xx_it.o
 .debug_info    0x000019ad      0x512 ./Core/Src/system_stm32f4xx.o
 .debug_info    0x00001ebf       0x30 ./Core/Startup/startup_stm32f407vgtx.o
 .debug_info    0x00001eef      0x944 ./Drivers/STM32F4xx_HAL_Driver/Src/stm32f4xx_hal.o
 .debug_info    0x00002833      0xd8c ./Drivers/STM32F4xx_HAL_Driver/Src/stm32f4xx_hal_cortex.o
 .debug_info    0x000035bf      0x6c3 ./Drivers/STM32F4xx_HAL_Driver/Src/stm32f4xx_hal_gpio.o
 .debug_info    0x00003c82     0x156f ./Drivers/STM32F4xx_HAL_Driver/Src/stm32f4xx_hal_pcd.o
 .debug_info    0x000051f1      0x6ea ./Drivers/STM32F4xx_HAL_Driver/Src/stm32f4xx_hal_pcd_ex.o
 .debug_info    0x000058db      0x8c3 ./Drivers/STM32F4xx_HAL_Driver/Src/stm32f4xx_hal_rcc.o
 .debug_info    0x0000619e     0x1993 ./Drivers/STM32F4xx_HAL_Driver/Src/stm32f4xx_ll_usb.o
 .debug_info    0x00007b31      0xa91 ./Middlewares/ST/STM32_USB_Device_Library/Class/HID/Src/usbd_hid.o
 .debug_info    0x000085c2      0xe12 ./Middlewares/ST/STM32_USB_Device_Library/Core/Src/usbd_core.o
 .debug_info    0x000093d4      0xaeb ./Middlewares/ST/STM32_USB_Device_Library/Core/Src/usbd_ctlreq.o
 .debug_info    0x00009ebf      0x762 ./Middlewares/ST/STM32_USB_Device_Library/Core/Src/usbd_ioreq.o
 .debug_info    0x0000a621      0x5fc ./USB_DEVICE/App/usb_device.o
 .debug_info    0x0000ac1d      0x458 ./USB_DEVICE/App/usbd_desc.o
 .debug_info    0x0000b075     0x1c67 ./USB_DEVICE/Target/usbd_conf.o

.debug_abbrev   0x00000000     0x28a8
 .debug_abbrev  0x00000000      0x152 ./Core/Src/gpio.o
 .debug_abbrev  0x00000152      0x2c3 ./Core/Src/main.o
 .debug_abbrev  0x00000415       0xd8 ./Core/Src/stm32f4xx_hal_msp.o
 .debug_abbrev  0x000004ed      0x1a4 ./Core/Src/stm32f4xx_it.o
 .debug_abbrev  0x00000691      0x11a ./Core/Src/system_stm32f4xx.o
 .debug_abbrev  0x000007ab       0x24 ./Core/Startup/startup_stm32f407vgtx.o
 .debug_abbrev  0x000007cf      0x214 ./Drivers/STM32F4xx_HAL_Driver/Src/stm32f4xx_hal.o
 .debug_abbrev  0x000009e3      0x31d ./Drivers/STM32F4xx_HAL_Driver/Src/stm32f4xx_hal_cortex.o
 .debug_abbrev  0x00000d00      0x1d4 ./Drivers/STM32F4xx_HAL_Driver/Src/stm32f4xx_hal_gpio.o
 .debug_abbrev  0x00000ed4      0x2b9 ./Drivers/STM32F4xx_HAL_Driver/Src/stm32f4xx_hal_pcd.o
 .debug_abbrev  0x0000118d      0x1da ./Drivers/STM32F4xx_HAL_Driver/Src/stm32f4xx_hal_pcd_ex.o
 .debug_abbrev  0x00001367      0x2b7 ./Drivers/STM32F4xx_HAL_Driver/Src/stm32f4xx_hal_rcc.o
 .debug_abbrev  0x0000161e      0x2b3 ./Drivers/STM32F4xx_HAL_Driver/Src/stm32f4xx_ll_usb.o
 .debug_abbrev  0x000018d1      0x2a2 ./Middlewares/ST/STM32_USB_Device_Library/Class/HID/Src/usbd_hid.o
 .debug_abbrev  0x00001b73      0x27c ./Middlewares/ST/STM32_USB_Device_Library/Core/Src/usbd_core.o
 .debug_abbrev  0x00001def      0x26f ./Middlewares/ST/STM32_USB_Device_Library/Core/Src/usbd_ctlreq.o
 .debug_abbrev  0x0000205e      0x19a ./Middlewares/ST/STM32_USB_Device_Library/Core/Src/usbd_ioreq.o
 .debug_abbrev  0x000021f8      0x190 ./USB_DEVICE/App/usb_device.o
 .debug_abbrev  0x00002388      0x1e1 ./USB_DEVICE/App/usbd_desc.o
 .debug_abbrev  0x00002569      0x33f ./USB_DEVICE/Target/usbd_conf.o

.debug_aranges  0x00000000      0xb08
 .debug_aranges
                0x00000000       0x20 ./Core/Src/gpio.o
 .debug_aranges
                0x00000020       0x40 ./Core/Src/main.o
 .debug_aranges
                0x00000060       0x20 ./Core/Src/stm32f4xx_hal_msp.o
 .debug_aranges
                0x00000080       0x68 ./Core/Src/stm32f4xx_it.o
 .debug_aranges
                0x000000e8       0x28 ./Core/Src/system_stm32f4xx.o
 .debug_aranges
                0x00000110       0x28 ./Core/Startup/startup_stm32f407vgtx.o
 .debug_aranges
                0x00000138       0xf0 ./Drivers/STM32F4xx_HAL_Driver/Src/stm32f4xx_hal.o
 .debug_aranges
                0x00000228      0x130 ./Drivers/STM32F4xx_HAL_Driver/Src/stm32f4xx_hal_cortex.o
 .debug_aranges
                0x00000358       0x58 ./Drivers/STM32F4xx_HAL_Driver/Src/stm32f4xx_hal_gpio.o
 .debug_aranges
                0x000003b0      0x148 ./Drivers/STM32F4xx_HAL_Driver/Src/stm32f4xx_hal_pcd.o
 .debug_aranges
                0x000004f8       0x38 ./Drivers/STM32F4xx_HAL_Driver/Src/stm32f4xx_hal_pcd_ex.o
 .debug_aranges
                0x00000530       0x88 ./Drivers/STM32F4xx_HAL_Driver/Src/stm32f4xx_hal_rcc.o
 .debug_aranges
                0x000005b8      0x1a0 ./Drivers/STM32F4xx_HAL_Driver/Src/stm32f4xx_ll_usb.o
 .debug_aranges
                0x00000758       0x68 ./Middlewares/ST/STM32_USB_Device_Library/Class/HID/Src/usbd_hid.o
 .debug_aranges
                0x000007c0       0xd8 ./Middlewares/ST/STM32_USB_Device_Library/Core/Src/usbd_core.o
 .debug_aranges
                0x00000898       0x90 ./Middlewares/ST/STM32_USB_Device_Library/Core/Src/usbd_ctlreq.o
 .debug_aranges
                0x00000928       0x50 ./Middlewares/ST/STM32_USB_Device_Library/Core/Src/usbd_ioreq.o
 .debug_aranges
                0x00000978       0x20 ./USB_DEVICE/App/usb_device.o
 .debug_aranges
                0x00000998       0x60 ./USB_DEVICE/App/usbd_desc.o
 .debug_aranges
                0x000009f8      0x110 ./USB_DEVICE/Target/usbd_conf.o

.debug_rnglists
                0x00000000      0x81b
 .debug_rnglists
                0x00000000       0x14 ./Core/Src/gpio.o
 .debug_rnglists
                0x00000014       0x2c ./Core/Src/main.o
 .debug_rnglists
                0x00000040       0x13 ./Core/Src/stm32f4xx_hal_msp.o
 .debug_rnglists
                0x00000053       0x49 ./Core/Src/stm32f4xx_it.o
 .debug_rnglists
                0x0000009c       0x1a ./Core/Src/system_stm32f4xx.o
 .debug_rnglists
                0x000000b6       0x19 ./Core/Startup/startup_stm32f407vgtx.o
 .debug_rnglists
                0x000000cf       0xaf ./Drivers/STM32F4xx_HAL_Driver/Src/stm32f4xx_hal.o
 .debug_rnglists
                0x0000017e       0xe0 ./Drivers/STM32F4xx_HAL_Driver/Src/stm32f4xx_hal_cortex.o
 .debug_rnglists
                0x0000025e       0x3f ./Drivers/STM32F4xx_HAL_Driver/Src/stm32f4xx_hal_gpio.o
 .debug_rnglists
                0x0000029d       0xfa ./Drivers/STM32F4xx_HAL_Driver/Src/stm32f4xx_hal_pcd.o
 .debug_rnglists
                0x00000397       0x26 ./Drivers/STM32F4xx_HAL_Driver/Src/stm32f4xx_hal_pcd_ex.o
 .debug_rnglists
                0x000003bd       0x66 ./Drivers/STM32F4xx_HAL_Driver/Src/stm32f4xx_hal_rcc.o
 .debug_rnglists
                0x00000423      0x147 ./Drivers/STM32F4xx_HAL_Driver/Src/stm32f4xx_ll_usb.o
 .debug_rnglists
                0x0000056a       0x4c ./Middlewares/ST/STM32_USB_Device_Library/Class/HID/Src/usbd_hid.o
 .debug_rnglists
                0x000005b6       0xa1 ./Middlewares/ST/STM32_USB_Device_Library/Core/Src/usbd_core.o
 .debug_rnglists
                0x00000657       0x6e ./Middlewares/ST/STM32_USB_Device_Library/Core/Src/usbd_ctlreq.o
 .debug_rnglists
                0x000006c5       0x37 ./Middlewares/ST/STM32_USB_Device_Library/Core/Src/usbd_ioreq.o
 .debug_rnglists
                0x000006fc       0x13 ./USB_DEVICE/App/usb_device.o
 .debug_rnglists
                0x0000070f       0x43 ./USB_DEVICE/App/usbd_desc.o
 .debug_rnglists
                0x00000752       0xc9 ./USB_DEVICE/Target/usbd_conf.o

.debug_macro    0x00000000    0x22581
 .debug_macro   0x00000000      0x1ed ./Core/Src/gpio.o
 .debug_macro   0x000001ed      0xad8 ./Core/Src/gpio.o
 .debug_macro   0x00000cc5      0x295 ./Core/Src/gpio.o
 .debug_macro   0x00000f5a       0x2e ./Core/Src/gpio.o
 .debug_macro   0x00000f88       0x2f ./Core/Src/gpio.o
 .debug_macro   0x00000fb7       0x22 ./Core/Src/gpio.o
 .debug_macro   0x00000fd9       0x8e ./Core/Src/gpio.o
 .debug_macro   0x00001067       0x51 ./Core/Src/gpio.o
 .debug_macro   0x000010b8      0x103 ./Core/Src/gpio.o
 .debug_macro   0x000011bb       0x6a ./Core/Src/gpio.o
 .debug_macro   0x00001225      0x1df ./Core/Src/gpio.o
 .debug_macro   0x00001404       0x1c ./Core/Src/gpio.o
 .debug_macro   0x00001420       0x22 ./Core/Src/gpio.o
 .debug_macro   0x00001442       0xfb ./Core/Src/gpio.o
 .debug_macro   0x0000153d     0x1011 ./Core/Src/gpio.o
 .debug_macro   0x0000254e      0x11f ./Core/Src/gpio.o
 .debug_macro   0x0000266d    0x15ea5 ./Core/Src/gpio.o
 .debug_macro   0x00018512       0x6d ./Core/Src/gpio.o
 .debug_macro   0x0001857f     0x3693 ./Core/Src/gpio.o
 .debug_macro   0x0001bc12      0x190 ./Core/Src/gpio.o
 .debug_macro   0x0001bda2       0x5c ./Core/Src/gpio.o
 .debug_macro   0x0001bdfe      0x980 ./Core/Src/gpio.o
 .debug_macro   0x0001c77e      0x9e9 ./Core/Src/gpio.o
 .debug_macro   0x0001d167      0x115 ./Core/Src/gpio.o
 .debug_macro   0x0001d27c      0x13e ./Core/Src/gpio.o
 .debug_macro   0x0001d3ba       0xa5 ./Core/Src/gpio.o
 .debug_macro   0x0001d45f      0x174 ./Core/Src/gpio.o
 .debug_macro   0x0001d5d3      0x287 ./Core/Src/gpio.o
 .debug_macro   0x0001d85a       0x5f ./Core/Src/gpio.o
 .debug_macro   0x0001d8b9      0x236 ./Core/Src/gpio.o
 .debug_macro   0x0001daef      0x12c ./Core/Src/gpio.o
 .debug_macro   0x0001dc1b      0x21e ./Core/Src/gpio.o
 .debug_macro   0x0001de39       0x2e ./Core/Src/gpio.o
 .debug_macro   0x0001de67      0x127 ./Core/Src/gpio.o
 .debug_macro   0x0001df8e       0x7e ./Core/Src/gpio.o
 .debug_macro   0x0001e00c       0x89 ./Core/Src/gpio.o
 .debug_macro   0x0001e095      0x293 ./Core/Src/gpio.o
 .debug_macro   0x0001e328       0xba ./Core/Src/gpio.o
 .debug_macro   0x0001e3e2      0x12d ./Core/Src/gpio.o
 .debug_macro   0x0001e50f       0x40 ./Core/Src/gpio.o
 .debug_macro   0x0001e54f      0x390 ./Core/Src/main.o
 .debug_macro   0x0001e8df       0x61 ./Core/Src/main.o
 .debug_macro   0x0001e940       0x2a ./Core/Src/main.o
 .debug_macro   0x0001e96a       0x43 ./Core/Src/main.o
 .debug_macro   0x0001e9ad       0x34 ./Core/Src/main.o
 .debug_macro   0x0001e9e1       0x16 ./Core/Src/main.o
 .debug_macro   0x0001e9f7       0x3c ./Core/Src/main.o
 .debug_macro   0x0001ea33      0x370 ./Core/Src/main.o
 .debug_macro   0x0001eda3       0x10 ./Core/Src/main.o
 .debug_macro   0x0001edb3       0x16 ./Core/Src/main.o
 .debug_macro   0x0001edc9       0x4a ./Core/Src/main.o
 .debug_macro   0x0001ee13       0x34 ./Core/Src/main.o
 .debug_macro   0x0001ee47       0x10 ./Core/Src/main.o
 .debug_macro   0x0001ee57       0x58 ./Core/Src/main.o
 .debug_macro   0x0001eeaf       0x8e ./Core/Src/main.o
 .debug_macro   0x0001ef3d       0x1c ./Core/Src/main.o
 .debug_macro   0x0001ef59      0x185 ./Core/Src/main.o
 .debug_macro   0x0001f0de       0x16 ./Core/Src/main.o
 .debug_macro   0x0001f0f4       0x16 ./Core/Src/main.o
 .debug_macro   0x0001f10a      0x146 ./Core/Src/main.o
 .debug_macro   0x0001f250       0x16 ./Core/Src/main.o
 .debug_macro   0x0001f266       0x16 ./Core/Src/main.o
 .debug_macro   0x0001f27c       0x29 ./Core/Src/main.o
 .debug_macro   0x0001f2a5       0x16 ./Core/Src/main.o
 .debug_macro   0x0001f2bb       0x20 ./Core/Src/main.o
 .debug_macro   0x0001f2db       0x6b ./Core/Src/main.o
 .debug_macro   0x0001f346      0x20f ./Core/Src/main.o
 .debug_macro   0x0001f555       0x5f ./Core/Src/main.o
 .debug_macro   0x0001f5b4      0x1e3 ./Core/Src/stm32f4xx_hal_msp.o
 .debug_macro   0x0001f797      0x1ed ./Core/Src/stm32f4xx_it.o
 .debug_macro   0x0001f984      0x1d4 ./Core/Src/system_stm32f4xx.o
 .debug_macro   0x0001fb58      0x234 ./Drivers/STM32F4xx_HAL_Driver/Src/stm32f4xx_hal.o
 .debug_macro   0x0001fd8c      0x1d4 ./Drivers/STM32F4xx_HAL_Driver/Src/stm32f4xx_hal_cortex.o
 .debug_macro   0x0001ff60      0x1da ./Drivers/STM32F4xx_HAL_Driver/Src/stm32f4xx_hal_gpio.o
 .debug_macro   0x0002013a      0x1e0 ./Drivers/STM32F4xx_HAL_Driver/Src/stm32f4xx_hal_pcd.o
 .debug_macro   0x0002031a      0x1d4 ./Drivers/STM32F4xx_HAL_Driver/Src/stm32f4xx_hal_pcd_ex.o
 .debug_macro   0x000204ee      0x1f8 ./Drivers/STM32F4xx_HAL_Driver/Src/stm32f4xx_hal_rcc.o
 .debug_macro   0x000206e6      0x1d4 ./Drivers/STM32F4xx_HAL_Driver/Src/stm32f4xx_ll_usb.o
 .debug_macro   0x000208ba      0x372 ./Middlewares/ST/STM32_USB_Device_Library/Class/HID/Src/usbd_hid.o
 .debug_macro   0x00020c2c       0x9e ./Middlewares/ST/STM32_USB_Device_Library/Class/HID/Src/usbd_hid.o
 .debug_macro   0x00020cca      0x112 ./Middlewares/ST/STM32_USB_Device_Library/Class/HID/Src/usbd_hid.o
 .debug_macro   0x00020ddc       0x56 ./Middlewares/ST/STM32_USB_Device_Library/Class/HID/Src/usbd_hid.o
 .debug_macro   0x00020e32      0x359 ./Middlewares/ST/STM32_USB_Device_Library/Core/Src/usbd_core.o
 .debug_macro   0x0002118b      0x215 ./Middlewares/ST/STM32_USB_Device_Library/Core/Src/usbd_core.o
 .debug_macro   0x000213a0      0x363 ./Middlewares/ST/STM32_USB_Device_Library/Core/Src/usbd_ctlreq.o
 .debug_macro   0x00021703      0x35f ./Middlewares/ST/STM32_USB_Device_Library/Core/Src/usbd_ioreq.o
 .debug_macro   0x00021a62      0x389 ./USB_DEVICE/App/usb_device.o
 .debug_macro   0x00021deb       0x46 ./USB_DEVICE/App/usb_device.o
 .debug_macro   0x00021e31       0x22 ./USB_DEVICE/App/usb_device.o
 .debug_macro   0x00021e53      0x39c ./USB_DEVICE/App/usbd_desc.o
 .debug_macro   0x000221ef       0x1c ./USB_DEVICE/App/usbd_desc.o
 .debug_macro   0x0002220b      0x376 ./USB_DEVICE/Target/usbd_conf.o

.debug_line     0x00000000     0xefa2
 .debug_line    0x00000000      0x799 ./Core/Src/gpio.o
 .debug_line    0x00000799      0xacd ./Core/Src/main.o
 .debug_line    0x00001266      0x74c ./Core/Src/stm32f4xx_hal_msp.o
 .debug_line    0x000019b2      0x813 ./Core/Src/stm32f4xx_it.o
 .debug_line    0x000021c5      0x7c2 ./Core/Src/system_stm32f4xx.o
 .debug_line    0x00002987       0x7a ./Core/Startup/startup_stm32f407vgtx.o
 .debug_line    0x00002a01      0xa3e ./Drivers/STM32F4xx_HAL_Driver/Src/stm32f4xx_hal.o
 .debug_line    0x0000343f      0xd0e ./Drivers/STM32F4xx_HAL_Driver/Src/stm32f4xx_hal_cortex.o
 .debug_line    0x0000414d      0xb96 ./Drivers/STM32F4xx_HAL_Driver/Src/stm32f4xx_hal_gpio.o
 .debug_line    0x00004ce3     0x1489 ./Drivers/STM32F4xx_HAL_Driver/Src/stm32f4xx_hal_pcd.o
 .debug_line    0x0000616c      0x807 ./Drivers/STM32F4xx_HAL_Driver/Src/stm32f4xx_hal_pcd_ex.o
 .debug_line    0x00006973      0xe4d ./Drivers/STM32F4xx_HAL_Driver/Src/stm32f4xx_hal_rcc.o
 .debug_line    0x000077c0     0x1d72 ./Drivers/STM32F4xx_HAL_Driver/Src/stm32f4xx_ll_usb.o
 .debug_line    0x00009532      0xc7b ./Middlewares/ST/STM32_USB_Device_Library/Class/HID/Src/usbd_hid.o
 .debug_line    0x0000a1ad      0xf65 ./Middlewares/ST/STM32_USB_Device_Library/Core/Src/usbd_core.o
 .debug_line    0x0000b112     0x1127 ./Middlewares/ST/STM32_USB_Device_Library/Core/Src/usbd_ctlreq.o
 .debug_line    0x0000c239      0xa6c ./Middlewares/ST/STM32_USB_Device_Library/Core/Src/usbd_ioreq.o
 .debug_line    0x0000cca5      0xa13 ./USB_DEVICE/App/usb_device.o
 .debug_line    0x0000d6b8      0xadb ./USB_DEVICE/App/usbd_desc.o
 .debug_line    0x0000e193      0xe0f ./USB_DEVICE/Target/usbd_conf.o

.debug_str      0x00000000    0xc3f30
 .debug_str     0x00000000    0xc3f30 ./Core/Src/gpio.o
                              0xbc5f2 (size before relaxing)
 .debug_str     0x000c3f30        0x0 ./Core/Src/main.o
                              0xc11b0 (size before relaxing)
 .debug_str     0x000c3f30        0x0 ./Core/Src/stm32f4xx_hal_msp.o
                              0xbc527 (size before relaxing)
 .debug_str     0x000c3f30        0x0 ./Core/Src/stm32f4xx_it.o
                              0xbc8e0 (size before relaxing)
 .debug_str     0x000c3f30        0x0 ./Core/Src/system_stm32f4xx.o
                              0xbc4c6 (size before relaxing)
 .debug_str     0x000c3f30        0x0 ./Core/Startup/startup_stm32f407vgtx.o
                                 0x99 (size before relaxing)
 .debug_str     0x000c3f30        0x0 ./Drivers/STM32F4xx_HAL_Driver/Src/stm32f4xx_hal.o
                              0xbd04a (size before relaxing)
 .debug_str     0x000c3f30        0x0 ./Drivers/STM32F4xx_HAL_Driver/Src/stm32f4xx_hal_cortex.o
                              0xbcdc6 (size before relaxing)
 .debug_str     0x000c3f30        0x0 ./Drivers/STM32F4xx_HAL_Driver/Src/stm32f4xx_hal_gpio.o
                              0xbc641 (size before relaxing)
 .debug_str     0x000c3f30        0x0 ./Drivers/STM32F4xx_HAL_Driver/Src/stm32f4xx_hal_pcd.o
                              0xbcfa4 (size before relaxing)
 .debug_str     0x000c3f30        0x0 ./Drivers/STM32F4xx_HAL_Driver/Src/stm32f4xx_hal_pcd_ex.o
                              0xbc894 (size before relaxing)
 .debug_str     0x000c3f30        0x0 ./Drivers/STM32F4xx_HAL_Driver/Src/stm32f4xx_hal_rcc.o
                              0xbc8fa (size before relaxing)
 .debug_str     0x000c3f30        0x0 ./Drivers/STM32F4xx_HAL_Driver/Src/stm32f4xx_ll_usb.o
                              0xbce7f (size before relaxing)
 .debug_str     0x000c3f30        0x0 ./Middlewares/ST/STM32_USB_Device_Library/Class/HID/Src/usbd_hid.o
                              0xc1057 (size before relaxing)
 .debug_str     0x000c3f30        0x0 ./Middlewares/ST/STM32_USB_Device_Library/Core/Src/usbd_core.o
                              0xc0fc2 (size before relaxing)
 .debug_str     0x000c3f30        0x0 ./Middlewares/ST/STM32_USB_Device_Library/Core/Src/usbd_ctlreq.o
                              0xc0ded (size before relaxing)
 .debug_str     0x000c3f30        0x0 ./Middlewares/ST/STM32_USB_Device_Library/Core/Src/usbd_ioreq.o
                              0xc0cc2 (size before relaxing)
 .debug_str     0x000c3f30        0x0 ./USB_DEVICE/App/usb_device.o
                              0xc0e55 (size before relaxing)
 .debug_str     0x000c3f30        0x0 ./USB_DEVICE/App/usbd_desc.o
                              0xc0bba (size before relaxing)
 .debug_str     0x000c3f30        0x0 ./USB_DEVICE/Target/usbd_conf.o
                              0xc1d57 (size before relaxing)

.comment        0x00000000       0x43
 .comment       0x00000000       0x43 ./Core/Src/gpio.o
                                 0x44 (size before relaxing)
 .comment       0x00000043        0x0 ./Core/Src/main.o
                                 0x44 (size before relaxing)
 .comment       0x00000043        0x0 ./Core/Src/stm32f4xx_hal_msp.o
                                 0x44 (size before relaxing)
 .comment       0x00000043        0x0 ./Core/Src/stm32f4xx_it.o
                                 0x44 (size before relaxing)
 .comment       0x00000043        0x0 ./Core/Src/system_stm32f4xx.o
                                 0x44 (size before relaxing)
 .comment       0x00000043        0x0 ./Drivers/STM32F4xx_HAL_Driver/Src/stm32f4xx_hal.o
                                 0x44 (size before relaxing)
 .comment       0x00000043        0x0 ./Drivers/STM32F4xx_HAL_Driver/Src/stm32f4xx_hal_cortex.o
                                 0x44 (size before relaxing)
 .comment       0x00000043        0x0 ./Drivers/STM32F4xx_HAL_Driver/Src/stm32f4xx_hal_gpio.o
                                 0x44 (size before relaxing)
 .comment       0x00000043        0x0 ./Drivers/STM32F4xx_HAL_Driver/Src/stm32f4xx_hal_pcd.o
                                 0x44 (size before relaxing)
 .comment       0x00000043        0x0 ./Drivers/STM32F4xx_HAL_Driver/Src/stm32f4xx_hal_pcd_ex.o
                                 0x44 (size before relaxing)
 .comment       0x00000043        0x0 ./Drivers/STM32F4xx_HAL_Driver/Src/stm32f4xx_hal_rcc.o
                                 0x44 (size before relaxing)
 .comment       0x00000043        0x0 ./Drivers/STM32F4xx_HAL_Driver/Src/stm32f4xx_ll_usb.o
                                 0x44 (size before relaxing)
 .comment       0x00000043        0x0 ./Middlewares/ST/STM32_USB_Device_Library/Class/HID/Src/usbd_hid.o
                                 0x44 (size before relaxing)
 .comment       0x00000043        0x0 ./Middlewares/ST/STM32_USB_Device_Library/Core/Src/usbd_core.o
                                 0x44 (size before relaxing)
 .comment       0x00000043        0x0 ./Middlewares/ST/STM32_USB_Device_Library/Core/Src/usbd_ctlreq.o
                                 0x44 (size before relaxing)
 .comment       0x00000043        0x0 ./Middlewares/ST/STM32_USB_Device_Library/Core/Src/usbd_ioreq.o
                                 0x44 (size before relaxing)
 .comment       0x00000043        0x0 ./USB_DEVICE/App/usb_device.o
                                 0x44 (size before relaxing)
 .comment       0x00000043        0x0 ./USB_DEVICE/App/usbd_desc.o
                                 0x44 (size before relaxing)
 .comment       0x00000043        0x0 ./USB_DEVICE/Target/usbd_conf.o
                                 0x44 (size before relaxing)

.debug_frame    0x00000000     0x2b78
 .debug_frame   0x00000000       0x34 ./Core/Src/gpio.o
 .debug_frame   0x00000034       0xa0 ./Core/Src/main.o
 .debug_frame   0x000000d4       0x38 ./Core/Src/stm32f4xx_hal_msp.o
 .debug_frame   0x0000010c      0x120 ./Core/Src/stm32f4xx_it.o
 .debug_frame   0x0000022c       0x58 ./Core/Src/system_stm32f4xx.o
 .debug_frame   0x00000284      0x374 ./Drivers/STM32F4xx_HAL_Driver/Src/stm32f4xx_hal.o
 .debug_frame   0x000005f8      0x508 ./Drivers/STM32F4xx_HAL_Driver/Src/stm32f4xx_hal_cortex.o
 .debug_frame   0x00000b00      0x14c ./Drivers/STM32F4xx_HAL_Driver/Src/stm32f4xx_hal_gpio.o
 .debug_frame   0x00000c4c      0x5b8 ./Drivers/STM32F4xx_HAL_Driver/Src/stm32f4xx_hal_pcd.o
 .debug_frame   0x00001204       0xb0 ./Drivers/STM32F4xx_HAL_Driver/Src/stm32f4xx_hal_pcd_ex.o
 .debug_frame   0x000012b4      0x1f4 ./Drivers/STM32F4xx_HAL_Driver/Src/stm32f4xx_hal_rcc.o
 .debug_frame   0x000014a8      0x7c0 ./Drivers/STM32F4xx_HAL_Driver/Src/stm32f4xx_ll_usb.o
 .debug_frame   0x00001c68      0x184 ./Middlewares/ST/STM32_USB_Device_Library/Class/HID/Src/usbd_hid.o
 .debug_frame   0x00001dec      0x390 ./Middlewares/ST/STM32_USB_Device_Library/Core/Src/usbd_core.o
 .debug_frame   0x0000217c      0x23c ./Middlewares/ST/STM32_USB_Device_Library/Core/Src/usbd_ctlreq.o
 .debug_frame   0x000023b8      0x10c ./Middlewares/ST/STM32_USB_Device_Library/Core/Src/usbd_ioreq.o
 .debug_frame   0x000024c4       0x2c ./USB_DEVICE/App/usb_device.o
 .debug_frame   0x000024f0      0x160 ./USB_DEVICE/App/usbd_desc.o
 .debug_frame   0x00002650      0x47c ./USB_DEVICE/Target/usbd_conf.o
 .debug_frame   0x00002acc       0x20 C:/ST/STM32CubeIDE_1.19.0/STM32CubeIDE/plugins/com.st.stm32cube.ide.mcu.externaltools.gnu-tools-for-stm32.13.3.rel1.win32_1.0.100.202509120712/tools/bin/../lib/gcc/arm-none-eabi/13.3.1/../../../../arm-none-eabi/lib/thumb/v7e-m+fp/hard\libc_nano.a(libc_a-memset.o)
 .debug_frame   0x00002aec       0x2c C:/ST/STM32CubeIDE_1.19.0/STM32CubeIDE/plugins/com.st.stm32cube.ide.mcu.externaltools.gnu-tools-for-stm32.13.3.rel1.win32_1.0.100.202509120712/tools/bin/../lib/gcc/arm-none-eabi/13.3.1/../../../../arm-none-eabi/lib/thumb/v7e-m+fp/hard\libc_nano.a(libc_a-init.o)
 .debug_frame   0x00002b18       0x2c C:/ST/STM32CubeIDE_1.19.0/STM32CubeIDE/plugins/com.st.stm32cube.ide.mcu.externaltools.gnu-tools-for-stm32.13.3.rel1.win32_1.0.100.202509120712/tools/bin/../lib/gcc/arm-none-eabi/13.3.1/thumb/v7e-m+fp/hard\libgcc.a(_aeabi_uldivmod.o)
 .debug_frame   0x00002b44       0x34 C:/ST/STM32CubeIDE_1.19.0/STM32CubeIDE/plugins/com.st.stm32cube.ide.mcu.externaltools.gnu-tools-for-stm32.13.3.rel1.win32_1.0.100.202509120712/tools/bin/../lib/gcc/arm-none-eabi/13.3.1/thumb/v7e-m+fp/hard\libgcc.a(_udivmoddi4.o)

.debug_line_str
                0x00000000       0x7d
 .debug_line_str
                0x00000000       0x7d ./Core/Startup/startup_stm32f407vgtx.o
